Archive member included to satisfy reference by file (symbol)

D:/devkitPro/libctru/lib\libctru.a(console.o)
                              main.o (consoleInit)
D:/devkitPro/libctru/lib\libctru.a(gfx.o)
                              D:/devkitPro/libctru/lib\libctru.a(console.o) (gfxIsWide)
D:/devkitPro/libctru/lib\libctru.a(apt.o)
                              main.o (aptMainLoop)
D:/devkitPro/libctru/lib\libctru.a(gspgpu.o)
                              D:/devkitPro/libctru/lib\libctru.a(gfx.o) (gspInit)
D:/devkitPro/libctru/lib\libctru.a(hid.o)
                              main.o (hidScanInput)
D:/devkitPro/libctru/lib\libctru.a(irrst.o)
                              D:/devkitPro/libctru/lib\libctru.a(hid.o) (irrstInit)
D:/devkitPro/libctru/lib\libctru.a(ctru_init.o)
                              D:/devkitPro/libctru/lib\libctru.a(apt.o) (__system_retAddr)
D:/devkitPro/libctru/lib\libctru.a(initArgv.o)
                              D:/devkitPro/libctru/lib\libctru.a(ctru_init.o) (__system_initArgv)
D:/devkitPro/libctru/lib\libctru.a(syscalls.o)
                              D:/devkitPro/libctru/lib\libctru.a(ctru_init.o) (__system_initSyscalls)
D:/devkitPro/libctru/lib\libctru.a(svc.o)
                              D:/devkitPro/libctru/lib\libctru.a(apt.o) (svcSleepThread)
D:/devkitPro/libctru/lib\libctru.a(stack_adjust.o)
                              D:/devkitPro/devkitARM/bin/../lib/gcc/arm-none-eabi/14.2.0/../../../../arm-none-eabi/lib/armv6k/fpu/3dsx_crt0.o (initSystem)
D:/devkitPro/libctru/lib\libctru.a(default_font.bin.o)
                              D:/devkitPro/libctru/lib\libctru.a(console.o) (default_font_bin)
D:/devkitPro/libctru/lib\libctru.a(linear.o)
                              D:/devkitPro/libctru/lib\libctru.a(gfx.o) (linearAlloc)
D:/devkitPro/libctru/lib\libctru.a(mem_pool.o)
                              D:/devkitPro/libctru/lib\libctru.a(linear.o) (MemPool::Allocate(MemChunk&, unsigned long, int))
D:/devkitPro/libctru/lib\libctru.a(vram.o)
                              D:/devkitPro/libctru/lib\libctru.a(gfx.o) (vramAlloc)
D:/devkitPro/libctru/lib\libctru.a(3dslink.o)
                              D:/devkitPro/libctru/lib\libctru.a(initArgv.o) (__3dslink_host)
D:/devkitPro/libctru/lib\libctru.a(env.o)
                              D:/devkitPro/libctru/lib\libctru.a(irrst.o) (envGetHandle)
D:/devkitPro/libctru/lib\libctru.a(os.o)
                              D:/devkitPro/libctru/lib\libctru.a(syscalls.o) (osGetTime)
D:/devkitPro/libctru/lib\libctru.a(srv.o)
                              D:/devkitPro/libctru/lib\libctru.a(apt.o) (srvInit)
D:/devkitPro/libctru/lib\libctru.a(synchronization.o)
                              D:/devkitPro/libctru/lib\libctru.a(ctru_init.o) (__sync_init)
D:/devkitPro/libctru/lib\libctru.a(thread.o)
                              D:/devkitPro/libctru/lib\libctru.a(apt.o) (threadCreate)
D:/devkitPro/libctru/lib\libctru.a(mappable.o)
                              D:/devkitPro/libctru/lib\libctru.a(apt.o) (mappableAlloc)
D:/devkitPro/libctru/lib\libctru.a(ptmsysm.o)
                              D:/devkitPro/libctru/lib\libctru.a(os.o) (ptmSysmInit)
D:/devkitPro/libctru/lib\libctru.a(srvpm.o)
                              D:/devkitPro/libctru/lib\libctru.a(srv.o) (srvPmGetSessionHandle)
D:/devkitPro/libctru/lib\libctru.a(soc_connect.o)
                              D:/devkitPro/libctru/lib\libctru.a(3dslink.o) (connect)
D:/devkitPro/libctru/lib\libctru.a(soc_socket.o)
                              D:/devkitPro/libctru/lib\libctru.a(3dslink.o) (socket)
D:/devkitPro/libctru/lib\libctru.a(rbtree_find.o)
                              D:/devkitPro/libctru/lib\libctru.a(linear.o) (rbtree_find)
D:/devkitPro/libctru/lib\libctru.a(rbtree_init.o)
                              D:/devkitPro/libctru/lib\libctru.a(linear.o) (rbtree_init)
D:/devkitPro/libctru/lib\libctru.a(rbtree_insert.o)
                              D:/devkitPro/libctru/lib\libctru.a(linear.o) (rbtree_insert)
D:/devkitPro/libctru/lib\libctru.a(rbtree_remove.o)
                              D:/devkitPro/libctru/lib\libctru.a(linear.o) (rbtree_remove)
D:/devkitPro/libctru/lib\libctru.a(rbtree_rotate.o)
                              D:/devkitPro/libctru/lib\libctru.a(rbtree_insert.o) (rbtree_rotate)
D:/devkitPro/libctru/lib\libctru.a(allocateHeaps.o)
                              D:/devkitPro/libctru/lib\libctru.a(ctru_init.o) (__system_allocateHeaps)
D:/devkitPro/libctru/lib\libctru.a(appExit.o)
                              D:/devkitPro/libctru/lib\libctru.a(stack_adjust.o) (__appExit)
D:/devkitPro/libctru/lib\libctru.a(appInit.o)
                              D:/devkitPro/libctru/lib\libctru.a(stack_adjust.o) (__appInit)
D:/devkitPro/libctru/lib\libctru.a(ctru_exit.o)
                              D:/devkitPro/libctru/lib\libctru.a(stack_adjust.o) (__libctru_exit)
D:/devkitPro/libctru/lib\libctru.a(archive_dev.o)
[...]
Memory Configuration

Name             Origin             Length             Attributes
*default*        0x00000000         0xffffffff

Linker script and memory map

                0x00000000                        __sync_synchronize = __sync_synchronize_dmb
                0x00100000                        PROVIDE (__start__ = 0x100000)
                0x00100000                        . = __start__

.text           0x00100000    0x16c60
 *(.crt0)
 .crt0          0x00100000       0x94 D:/devkitPro/devkitARM/bin/../lib/gcc/arm-none-eabi/14.2.0/../../../../arm-none-eabi/lib/armv6k/fpu/3dsx_crt0.o
                0x00100000                _start
                0x00100008                __service_ptr
                0x0010000c                __apt_appid
                0x00100010                __heap_size
                0x00100014                __linear_heap_size
                0x00100018                __system_arglist
                0x0010001c                __system_runflags
 *(.init)
 .init          0x00100094        0xc D:/devkitPro/devkitARM/bin/../lib/gcc/arm-none-eabi/14.2.0/armv6k/fpu/crti.o
                0x00100094                _init
 .init          0x001000a0        0xc D:/devkitPro/devkitARM/bin/../lib/gcc/arm-none-eabi/14.2.0/armv6k/fpu/crtn.o
                0x001000ac                        . = ALIGN (0x4)
 *(.text)
 .text          0x001000ac      0x240 D:/devkitPro/devkitARM/bin/../lib/gcc/arm-none-eabi/14.2.0/armv6k/fpu\libgcc.a(_divsi3.o)
                0x001000ac                __divsi3
                0x001000ac                __aeabi_idiv
                0x001002cc                __aeabi_idivmod
 .text          0x001002ec        0x4 D:/devkitPro/devkitARM/bin/../lib/gcc/arm-none-eabi/14.2.0/armv6k/fpu\libgcc.a(_dvmd_tls.o)
                0x001002ec                __aeabi_idiv0
                0x001002ec                __aeabi_ldiv0
 .text          0x001002f0       0x3c D:/devkitPro/devkitARM/bin/../lib/gcc/arm-none-eabi/14.2.0/armv6k/fpu\libgcc.a(_aeabi_uldivmod.o)
                0x001002f0                __aeabi_uldivmod
 *fill*         0x0010032c       0x14 
 .text          0x00100340      0x390 D:/devkitPro/devkitARM/bin/../lib/gcc/arm-none-eabi/14.2.0/../../../../arm-none-eabi/lib/armv6k/fpu\libg.a(libc_a-strcmp.o)
                0x00100348                strcmp
 .text          0x001006d0      0x20c D:/devkitPro/devkitARM/bin/../lib/gcc/arm-none-eabi/14.2.0/armv6k/fpu\libgcc.a(_udivsi3.o)
                0x001006d0                __aeabi_uidiv
                0x001006d0                __udivsi3
                0x001008bc                __aeabi_uidivmod
 *(.text.*)
 .text.__do_global_dtors_aux
                0x001008dc       0x40 D:/devkitPro/devkitARM/bin/../lib/gcc/arm-none-eabi/14.2.0/armv6k/fpu/crtbegin.o
 .text.frame_dummy
                0x0010091c       0x2c D:/devkitPro/devkitARM/bin/../lib/gcc/arm-none-eabi/14.2.0/armv6k/fpu/crtbegin.o
 .text.startup.main
                0x00100948       0x6c main.o
                0x00100948                main
 .text.consoleHandleColorEsc
                0x001009b4      0x45c D:/devkitPro/libctru/lib\libctru.a(console.o)
 .text.consoleColorStateShift
                0x00100e10       0xb8 D:/devkitPro/libctru/lib\libctru.a(console.o)
 .text.consoleDrawChar
                0x00100ec8      0x1ac D:/devkitPro/libctru/lib\libctru.a(console.o)
                0x00100ec8                consoleDrawChar
 .text.consolePrintChar
                0x00101074      0x11c D:/devkitPro/libctru/lib\libctru.a(console.o)
                0x00101074                consolePrintChar
 .text.con_write
                0x00101190      0x5ec D:/devkitPro/libctru/lib\libctru.a(console.o)
                0x00101190                con_write
 .text.newRow   0x0010177c      0x124 D:/devkitPro/libctru/lib\libctru.a(console.o)
 .text.consoleInit
                0x001018a0      0x18c D:/devkitPro/libctru/lib\libctru.a(console.o)
                0x001018a0                consoleInit
 .text.gfxPresentFramebuffer
                0x00101a2c       0xd0 D:/devkitPro/libctru/lib\libctru.a(gfx.o)
 .text.gfxIsWide
                0x00101afc       0x1c D:/devkitPro/libctru/lib\libctru.a(gfx.o)
                0x00101afc                gfxIsWide
 .text.gfxSetScreenFormat
                0x00101b18       0xec D:/devkitPro/libctru/lib\libctru.a(gfx.o)
                0x00101b18                gfxSetScreenFormat
 .text.gfxSetDoubleBuffering
                0x00101c04       0x10 D:/devkitPro/libctru/lib\libctru.a(gfx.o)
                0x00101c04                gfxSetDoubleBuffering
 .text.gfxInit  0x00101c14       0xd8 D:/devkitPro/libctru/lib\libctru.a(gfx.o)
                0x00101c14                gfxInit
 .text.gfxInitDefault
                0x00101cec       0x10 D:/devkitPro/libctru/lib\libctru.a(gfx.o)
                0x00101cec                gfxInitDefault
 .text.gfxExit  0x00101cfc       0xb4 D:/devkitPro/libctru/lib\libctru.a(gfx.o)
                0x00101cfc                gfxExit
 .text.gfxGetFramebuffer
                0x00101db0       0xa0 D:/devkitPro/libctru/lib\libctru.a(gfx.o)
                0x00101db0                gfxGetFramebuffer
 .text.gfxFlushBuffers
                0x00101e50      0x100 D:/devkitPro/libctru/lib\libctru.a(gfx.o)
                0x00101e50                gfxFlushBuffers
 .text.gfxSwapBuffers
                0x00101f50       0x50 D:/devkitPro/libctru/lib\libctru.a(gfx.o)
                0x00101f50                gfxSwapBuffers
 .text.gfxSwapBuffersGpu
                0x00101fa0       0x50 D:/devkitPro/libctru/lib\libctru.a(gfx.o)
                0x00101fa0                gfxSwapBuffersGpu
 .text.aptConvertScreenForCapture
                0x00101ff0      0x1b0 D:/devkitPro/libctru/lib\libctru.a(apt.o)
 .text.aptDspSleep
                0x001021a0        0x8 D:/devkitPro/libctru/lib\libctru.a(apt.o)
                0x001021a0                aptDspSleep
 .text.aptDspWakeup
                0x001021a8        0x4 D:/devkitPro/libctru/lib\libctru.a(apt.o)
                0x001021a8                aptDspWakeup
 .text.aptDspCancel
                0x001021ac        0x4 D:/devkitPro/libctru/lib\libctru.a(apt.o)
                0x001021ac                aptDspCancel
 .text.aptSendCommand
                0x001021b0      0x158 D:/devkitPro/libctru/lib\libctru.a(apt.o)
                0x001021b0                aptSendCommand
 .text.aptExitProcess
                0x00102308       0x44 D:/devkitPro/libctru/lib\libctru.a(apt.o)
 .text.aptExit  0x0010234c      0x380 D:/devkitPro/libctru/lib\libctru.a(apt.o)
                0x0010234c                aptExit
 .text.aptHandleSleep
                0x001026cc       0xd8 D:/devkitPro/libctru/lib\libctru.a(apt.o)
                0x001026cc                aptHandleSleep
 .text.APT_SleepIfShellClosed
                0x001027a4       0x84 D:/devkitPro/libctru/lib\libctru.a(apt.o)
                0x001027a4                APT_SleepIfShellClosed
 .text.aptSetSleepAllowed
                0x00102828       0x78 D:/devkitPro/libctru/lib\libctru.a(apt.o)
                0x00102828                aptSetSleepAllowed
 .text.APT_UnlockTransition
                0x001028a0       0x84 D:/devkitPro/libctru/lib\libctru.a(apt.o)
                0x001028a0                APT_UnlockTransition
 *fill*         0x00102924        0x4 
 .text.aptEventHandler
                0x00102928      0x478 D:/devkitPro/libctru/lib\libctru.a(apt.o)
 .text.APT_ReceiveParameter
                0x00102da0       0xb0 D:/devkitPro/libctru/lib\libctru.a(apt.o)
                0x00102da0                APT_ReceiveParameter
 .text.aptReceiveParameter.constprop.0
                0x00102e50       0xac D:/devkitPro/libctru/lib\libctru.a(apt.o)
 *fill*         0x00102efc        0x4 
 .text.aptScreenTransfer
                0x00102f00      0x294 D:/devkitPro/libctru/lib\libctru.a(apt.o)
 .text.aptWaitForWakeUp.isra.0
                0x00103194      0x2c8 D:/devkitPro/libctru/lib\libctru.a(apt.o)
 .text.aptJumpToHomeMenu
                0x0010345c       0xf4 D:/devkitPro/libctru/lib\libctru.a(apt.o)
                0x0010345c                aptJumpToHomeMenu
 .text.aptMainLoop
                0x00103550       0x48 D:/devkitPro/libctru/lib\libctru.a(apt.o)
                0x00103550                aptMainLoop
 .text.aptInit  0x00103598      0x22c D:/devkitPro/libctru/lib\libctru.a(apt.o)
                0x00103598                aptInit
 .text.APT_CheckNew3DS
                0x001037c4       0x7c D:/devkitPro/libctru/lib\libctru.a(apt.o)
                0x001037c4                APT_CheckNew3DS
 .text.gspHardwareInit
                0x00103840      0xc70 D:/devkitPro/libctru/lib\libctru.a(gspgpu.o)
 .text.gspInit  0x001044b0      0x248 D:/devkitPro/libctru/lib\libctru.a(gspgpu.o)
                0x001044b0                gspInit
 .text.gspExit  0x001046f8       0xe4 D:/devkitPro/libctru/lib\libctru.a(gspgpu.o)
                0x001046f8                gspExit
 .text.gspHasGpuRight
                0x001047dc       0x10 D:/devkitPro/libctru/lib\libctru.a(gspgpu.o)
                0x001047dc                gspHasGpuRight
 .text.gspPresentBuffer
                0x001047ec       0xa0 D:/devkitPro/libctru/lib\libctru.a(gspgpu.o)
                0x001047ec                gspPresentBuffer
 .text.gspWaitForEvent
                0x0010488c       0x44 D:/devkitPro/libctru/lib\libctru.a(gspgpu.o)
                0x0010488c                gspWaitForEvent
 .text.gxCmdQueueInterrupt
                0x001048d0        0x4 D:/devkitPro/libctru/lib\libctru.a(gspgpu.o)
                0x001048d0                gxCmdQueueInterrupt
 .text.gspEventThreadMain
                0x001048d4      0x160 D:/devkitPro/libctru/lib\libctru.a(gspgpu.o)
 .text.GSPGPU_FlushDataCache
                0x00104a34       0x50 D:/devkitPro/libctru/lib\libctru.a(gspgpu.o)
                0x00104a34                GSPGPU_FlushDataCache
 .text.GSPGPU_SetLcdForceBlack
                0x00104a84       0x34 D:/devkitPro/libctru/lib\libctru.a(gspgpu.o)
                0x00104a84                GSPGPU_SetLcdForceBlack
 .text.GSPGPU_AcquireRight
                0x00104ab8       0x68 D:/devkitPro/libctru/lib\libctru.a(gspgpu.o)
                0x00104ab8                GSPGPU_AcquireRight
 .text.GSPGPU_ReleaseRight
                0x00104b20       0x48 D:/devkitPro/libctru/lib\libctru.a(gspgpu.o)
                0x00104b20                GSPGPU_ReleaseRight
 .text.GSPGPU_ImportDisplayCaptureInfo
                0x00104b68       0x7c D:/devkitPro/libctru/lib\libctru.a(gspgpu.o)
                0x00104b68                GSPGPU_ImportDisplayCaptureInfo
 .text.GSPGPU_SaveVramSysArea
                0x00104be4       0x2c D:/devkitPro/libctru/lib\libctru.a(gspgpu.o)
                0x00104be4                GSPGPU_SaveVramSysArea
 .text.GSPGPU_RestoreVramSysArea
                0x00104c10       0x2c D:/devkitPro/libctru/lib\libctru.a(gspgpu.o)
                0x00104c10                GSPGPU_RestoreVramSysArea
 .text.hidShouldUseIrrst
                0x00104c3c       0x24 D:/devkitPro/libctru/lib\libctru.a(hid.o)
                0x00104c3c                hidShouldUseIrrst
 .text.hidInit  0x00104c60      0x18c D:/devkitPro/libctru/lib\libctru.a(hid.o)
                0x00104c60                hidInit
 .text.hidExit  0x00104dec       0xe8 D:/devkitPro/libctru/lib\libctru.a(hid.o)
                0x00104dec                hidExit
 .text.hidScanInput
                0x00104ed4      0x2a4 D:/devkitPro/libctru/lib\libctru.a(hid.o)
                0x00104ed4                hidScanInput
 .text.hidKeysDown
                0x00105178       0x10 D:/devkitPro/libctru/lib\libctru.a(hid.o)
                0x00105178                hidKeysDown
 .text.irrstInit
                0x00105188      0x160 D:/devkitPro/libctru/lib\libctru.a(irrst.o)
                0x00105188                irrstInit
 .text.irrstExit
                0x001052e8       0xcc D:/devkitPro/libctru/lib\libctru.a(irrst.o)
                0x001052e8                irrstExit
 .text.irrstScanInput
                0x001053b4       0xb4 D:/devkitPro/libctru/lib\libctru.a(irrst.o)
                0x001053b4                irrstScanInput
 .text.irrstKeysHeld
                0x00105468       0x24 D:/devkitPro/libctru/lib\libctru.a(irrst.o)
                0x00105468                irrstKeysHeld
 .text.__libctru_init
                0x0010548c       0x38 D:/devkitPro/libctru/lib\libctru.a(ctru_init.o)
                0x0010548c                __libctru_init
 .text.__system_initArgv
                0x001054c4      0x160 D:/devkitPro/libctru/lib\libctru.a(initArgv.o)
                0x001054c4                __system_initArgv
 .text.__syscall_getreent
                0x00105624       0x30 D:/devkitPro/libctru/lib\libctru.a(syscalls.o)
                0x00105624                __syscall_getreent
 .text.__syscall_lock_acquire
                0x00105654        0x4 D:/devkitPro/libctru/lib\libctru.a(syscalls.o)
                0x00105654                __syscall_lock_acquire
 .text.__syscall_lock_release
                0x00105658        0x4 D:/devkitPro/libctru/lib\libctru.a(syscalls.o)
                0x00105658                __syscall_lock_release
 .text.__syscall_lock_acquire_recursive
                0x0010565c        0x4 D:/devkitPro/libctru/lib\libctru.a(syscalls.o)
                0x0010565c                __syscall_lock_acquire_recursive
 .text.__syscall_lock_release_recursive
                0x00105660        0x4 D:/devkitPro/libctru/lib\libctru.a(syscalls.o)
                0x00105660                __syscall_lock_release_recursive
 .text.__syscall_exit
                0x00105664        0x4 D:/devkitPro/libctru/lib\libctru.a(syscalls.o)
                0x00105664                __syscall_exit
 .text.initThreadVars
                0x00105668       0x50 D:/devkitPro/libctru/lib\libctru.a(syscalls.o)
                0x00105668                initThreadVars
 .text.__system_initSyscalls
                0x001056b8       0x80 D:/devkitPro/libctru/lib\libctru.a(syscalls.o)
                0x001056b8                __system_initSyscalls
 .text.svcControlMemory
                0x00105738       0x20 D:/devkitPro/libctru/lib\libctru.a(svc.o)
                0x00105738                svcControlMemory
 .text.svcQueryMemory
                0x00105758       0x30 D:/devkitPro/libctru/lib\libctru.a(svc.o)
                0x00105758                svcQueryMemory
 .text.svcExitProcess
                0x00105788        0x8 D:/devkitPro/libctru/lib\libctru.a(svc.o)
                0x00105788                svcExitProcess
 .text.svcCreateThread
                0x00105790       0x20 D:/devkitPro/libctru/lib\libctru.a(svc.o)
                0x00105790                svcCreateThread
 .text.svcExitThread
                0x001057b0        0x8 D:/devkitPro/libctru/lib\libctru.a(svc.o)
                0x001057b0                svcExitThread
 .text.svcSleepThread
                0x001057b8        0x8 D:/devkitPro/libctru/lib\libctru.a(svc.o)
                0x001057b8                svcSleepThread
 .text.svcReleaseMutex
                0x001057c0        0x8 D:/devkitPro/libctru/lib\libctru.a(svc.o)
                0x001057c0                svcReleaseMutex
 .text.svcCreateEvent
                0x001057c8       0x14 D:/devkitPro/libctru/lib\libctru.a(svc.o)
                0x001057c8                svcCreateEvent
 .text.svcSignalEvent
                0x001057dc        0x8 D:/devkitPro/libctru/lib\libctru.a(svc.o)
                0x001057dc                svcSignalEvent
 .text.svcClearEvent
                0x001057e4        0x8 D:/devkitPro/libctru/lib\libctru.a(svc.o)
                0x001057e4                svcClearEvent
 .text.svcMapMemoryBlock
                0x001057ec        0x8 D:/devkitPro/libctru/lib\libctru.a(svc.o)
                0x001057ec                svcMapMemoryBlock
 .text.svcUnmapMemoryBlock
                0x001057f4        0x8 D:/devkitPro/libctru/lib\libctru.a(svc.o)
                0x001057f4                svcUnmapMemoryBlock
 .text.svcCreateAddressArbiter
                0x001057fc       0x14 D:/devkitPro/libctru/lib\libctru.a(svc.o)
                0x001057fc                svcCreateAddressArbiter
 .text.svcArbitrateAddressNoTimeout
                0x00105810        0x8 D:/devkitPro/libctru/lib\libctru.a(svc.o)
                0x00105810                svcArbitrateAddressNoTimeout
 .text.svcCloseHandle
                0x00105818        0x8 D:/devkitPro/libctru/lib\libctru.a(svc.o)
                0x00105818                svcCloseHandle
 .text.svcWaitSynchronization
                0x00105820        0x8 D:/devkitPro/libctru/lib\libctru.a(svc.o)
                0x00105820                svcWaitSynchronization
 .text.svcWaitSynchronizationN
                0x00105828       0x28 D:/devkitPro/libctru/lib\libctru.a(svc.o)
                0x00105828                svcWaitSynchronizationN
 .text.svcDuplicateHandle
                0x00105850       0x14 D:/devkitPro/libctru/lib\libctru.a(svc.o)
                0x00105850                svcDuplicateHandle
 .text.svcConnectToPort
                0x00105864       0x14 D:/devkitPro/libctru/lib\libctru.a(svc.o)
                0x00105864                svcConnectToPort
 .text.svcSendSyncRequest
                0x00105878        0x8 D:/devkitPro/libctru/lib\libctru.a(svc.o)
                0x00105878                svcSendSyncRequest
 .text.svcGetResourceLimit
                0x00105880       0x14 D:/devkitPro/libctru/lib\libctru.a(svc.o)
                0x00105880                svcGetResourceLimit
 .text.svcGetResourceLimitLimitValues
                0x00105894        0x8 D:/devkitPro/libctru/lib\libctru.a(svc.o)
                0x00105894                svcGetResourceLimitLimitValues
 .text.svcGetResourceLimitCurrentValues
                0x0010589c        0x8 D:/devkitPro/libctru/lib\libctru.a(svc.o)
                0x0010589c                svcGetResourceLimitCurrentValues
 .text.svcBreak
                0x001058a4        0x8 D:/devkitPro/libctru/lib\libctru.a(svc.o)
                0x001058a4                svcBreak
 .text.initSystem
                0x001058ac       0x50 D:/devkitPro/libctru/lib\libctru.a(stack_adjust.o)
                0x001058ac                initSystem
 .text.__ctru_exit
                0x001058fc       0x14 D:/devkitPro/libctru/lib\libctru.a(stack_adjust.o)
                0x001058fc                __ctru_exit
 .text._ZL21addrMapNodeComparatorPK11rbtree_nodeS1_
                0x00105910       0x24 D:/devkitPro/libctru/lib\libctru.a(linear.o)
 .text._ZL21addrMapNodeDestructorP11rbtree_node
                0x00105934        0x4 D:/devkitPro/libctru/lib\libctru.a(linear.o)
 .text.linearMemAlign
                0x00105938      0x120 D:/devkitPro/libctru/lib\libctru.a(linear.o)
                0x00105938                linearMemAlign
 .text.linearAlloc
                0x00105a58        0x8 D:/devkitPro/libctru/lib\libctru.a(linear.o)
                0x00105a58                linearAlloc
 .text.linearFree
                0x00105a60       0x5c D:/devkitPro/libctru/lib\libctru.a(linear.o)
                0x00105a60                linearFree
 .text._ZN7MemPool13CoalesceRightEP8MemBlock
                0x00105abc       0x84 D:/devkitPro/libctru/lib\libctru.a(mem_pool.o)
                0x00105abc                MemPool::CoalesceRight(MemBlock*)
 .text._ZN7MemPool8AllocateER8MemChunkmi
                0x00105b40      0x150 D:/devkitPro/libctru/lib\libctru.a(mem_pool.o)
                0x00105b40                MemPool::Allocate(MemChunk&, unsigned long, int)
 .text._ZN7MemPool10DeallocateERK8MemChunk
                0x00105c90       0xfc D:/devkitPro/libctru/lib\libctru.a(mem_pool.o)
                0x00105c90                MemPool::Deallocate(MemChunk const&)
 .text._ZN7MemPool12GetFreeSpaceEv
                0x00105d8c       0x30 D:/devkitPro/libctru/lib\libctru.a(mem_pool.o)
                0x00105d8c                MemPool::GetFreeSpace()
 .text._ZL21addrMapNodeComparatorPK11rbtree_nodeS1_
                0x00105dbc       0x24 D:/devkitPro/libctru/lib\libctru.a(vram.o)
 .text._ZL21addrMapNodeDestructorP11rbtree_node
                0x00105de0        0x4 D:/devkitPro/libctru/lib\libctru.a(vram.o)
 .text.vramMemAlignAt
                0x00105de4      0x244 D:/devkitPro/libctru/lib\libctru.a(vram.o)
                0x00105de4                vramMemAlignAt
 .text.vramAlloc
                0x00106028        0xc D:/devkitPro/libctru/lib\libctru.a(vram.o)
                0x00106028                vramAlloc
 .text.vramFree
                0x00106034       0x90 D:/devkitPro/libctru/lib\libctru.a(vram.o)
                0x00106034                vramFree
 .text.envGetHandle
                0x001060c4       0x84 D:/devkitPro/libctru/lib\libctru.a(env.o)
                0x001060c4                envGetHandle
 .text.envDestroyHandles
                0x00106148       0x50 D:/devkitPro/libctru/lib\libctru.a(env.o)
                0x00106148                envDestroyHandles
 .text.__ctru_speedup_config
                0x00106198       0x34 D:/devkitPro/libctru/lib\libctru.a(os.o)
                0x00106198                __ctru_speedup_config
 .text.srvInit  0x001061cc      0x12c D:/devkitPro/libctru/lib\libctru.a(srv.o)
                0x001061cc                srvInit
 .text.srvExit  0x001062f8       0x58 D:/devkitPro/libctru/lib\libctru.a(srv.o)
                0x001062f8                srvExit
 .text.srvEnableNotification
                0x00106350       0x60 D:/devkitPro/libctru/lib\libctru.a(srv.o)
                0x00106350                srvEnableNotification
 .text.srvGetServiceHandleDirect
                0x001063b0       0xa0 D:/devkitPro/libctru/lib\libctru.a(srv.o)
                0x001063b0                srvGetServiceHandleDirect
 .text.srvGetServiceHandle
                0x00106450       0x38 D:/devkitPro/libctru/lib\libctru.a(srv.o)
                0x00106450                srvGetServiceHandle
 .text.srvSubscribe
                0x00106488       0x34 D:/devkitPro/libctru/lib\libctru.a(srv.o)
                0x00106488                srvSubscribe
 .text.srvReceiveNotification
                0x001064bc       0x60 D:/devkitPro/libctru/lib\libctru.a(srv.o)
                0x001064bc                srvReceiveNotification
 .text.srvPublishToSubscriber
                0x0010651c       0x38 D:/devkitPro/libctru/lib\libctru.a(srv.o)
                0x0010651c                srvPublishToSubscriber
 .text.__sync_init
                0x00106554        0xc D:/devkitPro/libctru/lib\libctru.a(synchronization.o)
                0x00106554                __sync_init
 .text.__sync_fini
                0x00106560       0x18 D:/devkitPro/libctru/lib\libctru.a(synchronization.o)
                0x00106560                __sync_fini
 .text.syncArbitrateAddress
                0x00106578       0x2c D:/devkitPro/libctru/lib\libctru.a(synchronization.o)
                0x00106578                syncArbitrateAddress
 .text.LightLock_Lock
                0x001065a4       0xb0 D:/devkitPro/libctru/lib\libctru.a(synchronization.o)
                0x001065a4                LightLock_Lock
 .text.LightLock_Unlock
                0x00106654       0x40 D:/devkitPro/libctru/lib\libctru.a(synchronization.o)
                0x00106654                LightLock_Unlock
 .text.RecursiveLock_Lock
                0x00106694       0x30 D:/devkitPro/libctru/lib\libctru.a(synchronization.o)
                0x00106694                RecursiveLock_Lock
 .text.RecursiveLock_Unlock
                0x001066c4       0x54 D:/devkitPro/libctru/lib\libctru.a(synchronization.o)
                0x001066c4                RecursiveLock_Unlock
 .text.LightEvent_Init
                0x00106718       0x40 D:/devkitPro/libctru/lib\libctru.a(synchronization.o)
                0x00106718                LightEvent_Init
 .text.LightEvent_Clear
                0x00106758       0xa4 D:/devkitPro/libctru/lib\libctru.a(synchronization.o)
                0x00106758                LightEvent_Clear
 .text.LightEvent_Signal
                0x001067fc       0xc8 D:/devkitPro/libctru/lib\libctru.a(synchronization.o)
                0x001067fc                LightEvent_Signal
 .text.LightEvent_TryWait
                0x001068c4       0x50 D:/devkitPro/libctru/lib\libctru.a(synchronization.o)
                0x001068c4                LightEvent_TryWait
 .text.LightEvent_Wait
                0x00106914       0xa0 D:/devkitPro/libctru/lib\libctru.a(synchronization.o)
                0x00106914                LightEvent_Wait
 .text.threadCreate
                0x001069b4      0x1d4 D:/devkitPro/libctru/lib\libctru.a(thread.o)
                0x001069b4                threadCreate
 .text.threadFree
                0x00106b88       0x2c D:/devkitPro/libctru/lib\libctru.a(thread.o)
                0x00106b88                threadFree
 .text.threadJoin
                0x00106bb4       0x24 D:/devkitPro/libctru/lib\libctru.a(thread.o)
                0x00106bb4                threadJoin
 .text.threadGetCurrent
                0x00106bd8       0x30 D:/devkitPro/libctru/lib\libctru.a(thread.o)
                0x00106bd8                threadGetCurrent
 .text.threadExit
                0x00106c08       0x40 D:/devkitPro/libctru/lib\libctru.a(thread.o)
                0x00106c08                threadExit
 .text._thread_begin
                0x00106c48       0x20 D:/devkitPro/libctru/lib\libctru.a(thread.o)
 .text.mappableFindAddressWithin
                0x00106c68       0x90 D:/devkitPro/libctru/lib\libctru.a(mappable.o)
 .text.mappableInit
                0x00106cf8       0x28 D:/devkitPro/libctru/lib\libctru.a(mappable.o)
                0x00106cf8                mappableInit
 .text.mappableAlloc
                0x00106d20       0x80 D:/devkitPro/libctru/lib\libctru.a(mappable.o)
                0x00106d20                mappableAlloc
 .text.mappableFree
                0x00106da0        0x4 D:/devkitPro/libctru/lib\libctru.a(mappable.o)
                0x00106da0                mappableFree
 .text.ptmSysmInit
                0x00106da4       0x74 D:/devkitPro/libctru/lib\libctru.a(ptmsysm.o)
                0x00106da4                ptmSysmInit
 .text.ptmSysmExit
                0x00106e18       0x3c D:/devkitPro/libctru/lib\libctru.a(ptmsysm.o)
                0x00106e18                ptmSysmExit
 .text.PTMSYSM_ConfigureNew3DSCPU
                0x00106e54       0x34 D:/devkitPro/libctru/lib\libctru.a(ptmsysm.o)
                0x00106e54                PTMSYSM_ConfigureNew3DSCPU
 .text.srvPmGetSessionHandle
                0x00106e88        0xc D:/devkitPro/libctru/lib\libctru.a(srvpm.o)
                0x00106e88                srvPmGetSessionHandle
 .text.rbtree_find
                0x00106e94       0x74 D:/devkitPro/libctru/lib\libctru.a(rbtree_find.o)
                0x00106e94                rbtree_find
 .text.rbtree_init
                0x00106f08       0x10 D:/devkitPro/libctru/lib\libctru.a(rbtree_init.o)
                0x00106f08                rbtree_init
 .text.do_insert
                0x00106f18      0x19c D:/devkitPro/libctru/lib\libctru.a(rbtree_insert.o)
 .text.rbtree_insert
                0x001070b4        0x8 D:/devkitPro/libctru/lib\libctru.a(rbtree_insert.o)
                0x001070b4                rbtree_insert
 .text.rbtree_remove
                0x001070bc      0x310 D:/devkitPro/libctru/lib\libctru.a(rbtree_remove.o)
                0x001070bc                rbtree_remove
 .text.rbtree_rotate
                0x001073cc       0x90 D:/devkitPro/libctru/lib\libctru.a(rbtree_rotate.o)
                0x001073cc                rbtree_rotate
 *fill*         0x0010745c        0x4 
 .text.__system_allocateHeaps
                0x00107460      0x1e0 D:/devkitPro/libctru/lib\libctru.a(allocateHeaps.o)
                0x00107460                __system_allocateHeaps
 .text.__appExit
                0x00107640       0x30 D:/devkitPro/libctru/lib\libctru.a(appExit.o)
                0x00107640                __appExit
 .text.__appInit
                0x00107670       0x30 D:/devkitPro/libctru/lib\libctru.a(appInit.o)
                0x00107670                __appInit
 .text.__libctru_exit
                0x001076a0       0x90 D:/devkitPro/libctru/lib\libctru.a(ctru_exit.o)
                0x001076a0                __libctru_exit
 .text.archive_link
                0x00107730       0x14 D:/devkitPro/libctru/lib\libctru.a(archive_dev.o)
 .text.archive_dirreset
                0x00107744       0x14 D:/devkitPro/libctru/lib\libctru.a(archive_dev.o)
 .text.archive_chmod
                0x00107758       0x14 D:/devkitPro/libctru/lib\libctru.a(archive_dev.o)
 .text.error_cmp
                0x0010776c       0x24 D:/devkitPro/libctru/lib\libctru.a(archive_dev.o)
 .text.archive_translate_error
                0x00107790       0x50 D:/devkitPro/libctru/lib\libctru.a(archive_dev.o)
 .text.archive_seek
                0x001077e0       0xc4 D:/devkitPro/libctru/lib\libctru.a(archive_dev.o)
 .text._archiveInit.part.0
                0x001078a4       0x78 D:/devkitPro/libctru/lib\libctru.a(archive_dev.o)
 .text.archiveFindDevice.part.0
                0x0010791c       0xc4 D:/devkitPro/libctru/lib\libctru.a(archive_dev.o)
 .text.archive_utf16path
                0x001079e0      0x290 D:/devkitPro/libctru/lib\libctru.a(archive_dev.o)
 .text._archiveUnmountDeviceStruct.part.0
                0x00107c70       0x9c D:/devkitPro/libctru/lib\libctru.a(archive_dev.o)
 .text.archive_statvfs
                0x00107d0c       0x14 D:/devkitPro/libctru/lib\libctru.a(archive_dev.o)
 .text.archive_fchmod
                0x00107d20       0x14 D:/devkitPro/libctru/lib\libctru.a(archive_dev.o)
 .text._archiveMountDevice
                0x00107d34      0x168 D:/devkitPro/libctru/lib\libctru.a(archive_dev.o)
 .text.archive_diropen
                0x00107e9c       0xe8 D:/devkitPro/libctru/lib\libctru.a(archive_dev.o)
 .text.archive_fstat
                0x00107f84       0xa4 D:/devkitPro/libctru/lib\libctru.a(archive_dev.o)
 .text.archive_fsync
                0x00108028       0x6c D:/devkitPro/libctru/lib\libctru.a(archive_dev.o)
 .text.archive_close
                0x00108094       0x6c D:/devkitPro/libctru/lib\libctru.a(archive_dev.o)
 .text.archive_dirclose
                0x00108100       0x70 D:/devkitPro/libctru/lib\libctru.a(archive_dev.o)
 .text.sdmc_statvfs
                0x00108170       0xe4 D:/devkitPro/libctru/lib\libctru.a(archive_dev.o)
 .text.archive_chdir
                0x00108254       0xec D:/devkitPro/libctru/lib\libctru.a(archive_dev.o)
 .text.archive_ftruncate
                0x00108340       0x7c D:/devkitPro/libctru/lib\libctru.a(archive_dev.o)
 .text.archive_read
                0x001083bc       0xac D:/devkitPro/libctru/lib\libctru.a(archive_dev.o)
 .text.archive_unlink
                0x00108468       0xa4 D:/devkitPro/libctru/lib\libctru.a(archive_dev.o)
 .text.archive_rmdir
                0x0010850c       0xbc D:/devkitPro/libctru/lib\libctru.a(archive_dev.o)
 .text.archive_mkdir
                0x001085c8       0xdc D:/devkitPro/libctru/lib\libctru.a(archive_dev.o)
 .text.archive_stat
                0x001086a4      0x194 D:/devkitPro/libctru/lib\libctru.a(archive_dev.o)
 .text.archive_dirnext
                0x00108838      0x15c D:/devkitPro/libctru/lib\libctru.a(archive_dev.o)
 .text.archive_write
                0x00108994      0x124 D:/devkitPro/libctru/lib\libctru.a(archive_dev.o)
 .text.archive_open
                0x00108ab8      0x210 D:/devkitPro/libctru/lib\libctru.a(archive_dev.o)
 .text.archive_rename
                0x00108cc8      0x268 D:/devkitPro/libctru/lib\libctru.a(archive_dev.o)
 .text.archiveMountSdmc
                0x00108f30      0x19c D:/devkitPro/libctru/lib\libctru.a(archive_dev.o)
                0x00108f30                archiveMountSdmc
 .text.archiveUnmountAll
                0x001090cc       0x54 D:/devkitPro/libctru/lib\libctru.a(archive_dev.o)
                0x001090cc                archiveUnmountAll
 .text.fsInit   0x00109120       0xd0 D:/devkitPro/libctru/lib\libctru.a(fs.o)
                0x00109120                fsInit
 .text.fsExit   0x001091f0       0x3c D:/devkitPro/libctru/lib\libctru.a(fs.o)
                0x001091f0                fsExit
 .text.fsExemptFromSession
                0x0010922c       0x60 D:/devkitPro/libctru/lib\libctru.a(fs.o)
                0x0010922c                fsExemptFromSession
 .text.fsUnexemptFromSession
                0x0010928c       0x50 D:/devkitPro/libctru/lib\libctru.a(fs.o)
                0x0010928c                fsUnexemptFromSession
 .text.FSUSER_OpenFile
                0x001092dc       0xcc D:/devkitPro/libctru/lib\libctru.a(fs.o)
                0x001092dc                FSUSER_OpenFile
 .text.FSUSER_DeleteFile
                0x001093a8       0xbc D:/devkitPro/libctru/lib\libctru.a(fs.o)
                0x001093a8                FSUSER_DeleteFile
 .text.FSUSER_RenameFile
                0x00109464       0xf8 D:/devkitPro/libctru/lib\libctru.a(fs.o)
                0x00109464                FSUSER_RenameFile
 .text.FSUSER_DeleteDirectory
                0x0010955c       0xbc D:/devkitPro/libctru/lib\libctru.a(fs.o)
                0x0010955c                FSUSER_DeleteDirectory
 .text.FSUSER_CreateFile
                0x00109618       0xd4 D:/devkitPro/libctru/lib\libctru.a(fs.o)
                0x00109618                FSUSER_CreateFile
 .text.FSUSER_CreateDirectory
                0x001096ec       0xc4 D:/devkitPro/libctru/lib\libctru.a(fs.o)
                0x001096ec                FSUSER_CreateDirectory
 .text.FSUSER_RenameDirectory
                0x001097b0       0xf8 D:/devkitPro/libctru/lib\libctru.a(fs.o)
                0x001097b0                FSUSER_RenameDirectory
 .text.FSUSER_OpenDirectory
                0x001098a8       0xb4 D:/devkitPro/libctru/lib\libctru.a(fs.o)
                0x001098a8                FSUSER_OpenDirectory
 .text.FSUSER_OpenArchive
                0x0010995c       0x94 D:/devkitPro/libctru/lib\libctru.a(fs.o)
                0x0010995c                FSUSER_OpenArchive
 .text.FSUSER_CloseArchive
                0x001099f0       0x8c D:/devkitPro/libctru/lib\libctru.a(fs.o)
                0x001099f0                FSUSER_CloseArchive
 .text.FSUSER_GetSdmcArchiveResource
                0x00109a7c       0x74 D:/devkitPro/libctru/lib\libctru.a(fs.o)
                0x00109a7c                FSUSER_GetSdmcArchiveResource
 .text.FSUSER_IsSdmcWritable
                0x00109af0       0x64 D:/devkitPro/libctru/lib\libctru.a(fs.o)
                0x00109af0                FSUSER_IsSdmcWritable
 .text.FSFILE_Read
                0x00109b54       0x58 D:/devkitPro/libctru/lib\libctru.a(fs.o)
                0x00109b54                FSFILE_Read
 .text.FSFILE_Write
                0x00109bac       0x60 D:/devkitPro/libctru/lib\libctru.a(fs.o)
                0x00109bac                FSFILE_Write
 .text.FSFILE_GetSize
                0x00109c0c       0x38 D:/devkitPro/libctru/lib\libctru.a(fs.o)
                0x00109c0c                FSFILE_GetSize
 .text.FSFILE_SetSize
                0x00109c44       0x28 D:/devkitPro/libctru/lib\libctru.a(fs.o)
                0x00109c44                FSFILE_SetSize
 .text.FSFILE_Close
                0x00109c6c       0x3c D:/devkitPro/libctru/lib\libctru.a(fs.o)
                0x00109c6c                FSFILE_Close
 .text.FSFILE_Flush
                0x00109ca8       0x24 D:/devkitPro/libctru/lib\libctru.a(fs.o)
                0x00109ca8                FSFILE_Flush
 .text.FSDIR_Read
                0x00109ccc       0x50 D:/devkitPro/libctru/lib\libctru.a(fs.o)
                0x00109ccc                FSDIR_Read
 .text.FSDIR_Close
                0x00109d1c       0x3c D:/devkitPro/libctru/lib\libctru.a(fs.o)
                0x00109d1c                FSDIR_Close
 .text.rbtree_node_next
                0x00109d58       0x5c D:/devkitPro/libctru/lib\libctru.a(rbtree_iterator.o)
                0x00109d58                rbtree_node_next
 .text.decode_utf8
                0x00109db4      0x13c D:/devkitPro/libctru/lib\libctru.a(decode_utf8.o)
                0x00109db4                decode_utf8
 .text.utf16_to_utf8
                0x00109ef0       0xe8 D:/devkitPro/libctru/lib\libctru.a(utf16_to_utf8.o)
                0x00109ef0                utf16_to_utf8
 .text.utf8_to_utf16
                0x00109fd8       0xc0 D:/devkitPro/libctru/lib\libctru.a(utf8_to_utf16.o)
                0x00109fd8                utf8_to_utf16
 .text.__aeabi_read_tp
                0x0010a098        0xc D:/devkitPro/libctru/lib\libctru.a(readtp.o)
                0x0010a098                __aeabi_read_tp
 .text.decode_utf16
                0x0010a0a4       0x64 D:/devkitPro/libctru/lib\libctru.a(decode_utf16.o)
                0x0010a0a4                decode_utf16
 .text.encode_utf16
                0x0010a108       0x54 D:/devkitPro/libctru/lib\libctru.a(encode_utf16.o)
                0x0010a108                encode_utf16
 .text.encode_utf8
                0x0010a15c       0xe0 D:/devkitPro/libctru/lib\libctru.a(encode_utf8.o)
                0x0010a15c                encode_utf8
 .text.__udivmoddi4
                0x0010a23c      0x120 D:/devkitPro/devkitARM/bin/../lib/gcc/arm-none-eabi/14.2.0/armv6k/fpu\libgcc.a(_udivmoddi4.o)
                0x0010a23c                __udivmoddi4
 .text.strncmp  0x0010a35c       0xd8 D:/devkitPro/devkitARM/bin/../lib/gcc/arm-none-eabi/14.2.0/../../../../arm-none-eabi/lib/armv6k/fpu\libg.a(libc_a-strncmp.o)
                0x0010a35c                strncmp
 .text.strlen   0x0010a434       0x5c D:/devkitPro/devkitARM/bin/../lib/gcc/arm-none-eabi/14.2.0/../../../../arm-none-eabi/lib/armv6k/fpu\libg.a(libc_a-strlen-stub.o)
                0x0010a434                strlen
 .text._strtoul_l.isra.0
                0x0010a490      0x1e4 D:/devkitPro/devkitARM/bin/../lib/gcc/arm-none-eabi/14.2.0/../../../../arm-none-eabi/lib/armv6k/fpu\libg.a(libc_a-strtoul.o)
 .text.strtoul  0x0010a674       0x34 D:/devkitPro/devkitARM/bin/../lib/gcc/arm-none-eabi/14.2.0/../../../../arm-none-eabi/lib/armv6k/fpu\libg.a(libc_a-strtoul.o)
                0x0010a674                strtoul
 .text.strncat  0x0010a6a8       0xe4 D:/devkitPro/devkitARM/bin/../lib/gcc/arm-none-eabi/14.2.0/../../../../arm-none-eabi/lib/armv6k/fpu\libg.a(libc_a-strncat.o)
                0x0010a6a8                strncat
 .text.bsearch  0x0010a78c       0x78 D:/devkitPro/devkitARM/bin/../lib/gcc/arm-none-eabi/14.2.0/../../../../arm-none-eabi/lib/armv6k/fpu\libg.a(libc_a-bsearch.o)
                0x0010a78c                bsearch
 .text.memalign
                0x0010a804       0x20 D:/devkitPro/devkitARM/bin/../lib/gcc/arm-none-eabi/14.2.0/../../../../arm-none-eabi/lib/armv6k/fpu\libg.a(libc_a-malign.o)
                0x0010a804                memalign
 .text.stdio_exit_handler
                0x0010a824       0x1c D:/devkitPro/devkitARM/bin/../lib/gcc/arm-none-eabi/14.2.0/../../../../arm-none-eabi/lib/armv6k/fpu\libg.a(libc_a-findfp.o)
 .text.cleanup_stdio
                0x0010a840       0x5c D:/devkitPro/devkitARM/bin/../lib/gcc/arm-none-eabi/14.2.0/../../../../arm-none-eabi/lib/armv6k/fpu\libg.a(libc_a-findfp.o)
 .text.global_stdio_init.part.0
                0x0010a89c      0x154 D:/devkitPro/devkitARM/bin/../lib/gcc/arm-none-eabi/14.2.0/../../../../arm-none-eabi/lib/armv6k/fpu\libg.a(libc_a-findfp.o)
 .text.__sinit  0x0010a9f0       0x5c D:/devkitPro/devkitARM/bin/../lib/gcc/arm-none-eabi/14.2.0/../../../../arm-none-eabi/lib/armv6k/fpu\libg.a(libc_a-findfp.o)
                0x0010a9f0                __sinit
 .text.__sfp_lock_acquire
                0x0010aa4c        0xc D:/devkitPro/devkitARM/bin/../lib/gcc/arm-none-eabi/14.2.0/../../../../arm-none-eabi/lib/armv6k/fpu\libg.a(libc_a-findfp.o)
                0x0010aa4c                __sfp_lock_acquire
 .text.__sfp_lock_release
                0x0010aa58        0xc D:/devkitPro/devkitARM/bin/../lib/gcc/arm-none-eabi/14.2.0/../../../../arm-none-eabi/lib/armv6k/fpu\libg.a(libc_a-findfp.o)
                0x0010aa58                __sfp_lock_release
 .text._malloc_r
                0x0010aa64      0x7e8 D:/devkitPro/devkitARM/bin/../lib/gcc/arm-none-eabi/14.2.0/../../../../arm-none-eabi/lib/armv6k/fpu\libg.a(libc_a-mallocr.o)
                0x0010aa64                _malloc_r
 .text._malloc_trim_r
                0x0010b24c       0xf8 D:/devkitPro/devkitARM/bin/../lib/gcc/arm-none-eabi/14.2.0/../../../../arm-none-eabi/lib/armv6k/fpu\libg.a(libc_a-freer.o)
                0x0010b24c                _malloc_trim_r
 .text._free_r  0x0010b344      0x300 D:/devkitPro/devkitARM/bin/../lib/gcc/arm-none-eabi/14.2.0/../../../../arm-none-eabi/lib/armv6k/fpu\libg.a(libc_a-freer.o)
                0x0010b344                _free_r
 .text.setvbuf  0x0010b644      0x294 D:/devkitPro/devkitARM/bin/../lib/gcc/arm-none-eabi/14.2.0/../../../../arm-none-eabi/lib/armv6k/fpu\libg.a(libc_a-setvbuf.o)
                0x0010b644                setvbuf
 .text.strnlen  0x0010b8d8       0x4c D:/devkitPro/devkitARM/bin/../lib/gcc/arm-none-eabi/14.2.0/../../../../arm-none-eabi/lib/armv6k/fpu\libg.a(libc_a-strnlen.o)
                0x0010b8d8                strnlen
 .text.__errno  0x0010b924        0xc D:/devkitPro/devkitARM/bin/../lib/gcc/arm-none-eabi/14.2.0/../../../../arm-none-eabi/lib/armv6k/fpu\libg.a(libc_a-errno.o)
                0x0010b924                __errno
 .text.malloc   0x0010b930       0x34 D:/devkitPro/devkitARM/bin/../lib/gcc/arm-none-eabi/14.2.0/../../../../arm-none-eabi/lib/armv6k/fpu\libg.a(libc_a-malloc.o)
                0x0010b930                malloc
 .text.free     0x0010b964       0x18 D:/devkitPro/devkitARM/bin/../lib/gcc/arm-none-eabi/14.2.0/../../../../arm-none-eabi/lib/armv6k/fpu\libg.a(libc_a-malloc.o)
                0x0010b964                free
 .text.memcpy   0x0010b97c      0x130 D:/devkitPro/devkitARM/bin/../lib/gcc/arm-none-eabi/14.2.0/../../../../arm-none-eabi/lib/armv6k/fpu\libg.a(libc_a-memcpy-stub.o)
                0x0010b97c                memcpy
 .text.printf   0x0010baac       0x34 D:/devkitPro/devkitARM/bin/../lib/gcc/arm-none-eabi/14.2.0/../../../../arm-none-eabi/lib/armv6k/fpu\libg.a(libc_a-printf.o)
                0x0010baac                printf
 .text.memset   0x0010bae0       0xe8 D:/devkitPro/devkitARM/bin/../lib/gcc/arm-none-eabi/14.2.0/../../../../arm-none-eabi/lib/armv6k/fpu\libg.a(libc_a-memset.o)
                0x0010bae0                memset
 .text._fwalk_sglue
                0x0010bbc8       0x70 D:/devkitPro/devkitARM/bin/../lib/gcc/arm-none-eabi/14.2.0/../../../../arm-none-eabi/lib/armv6k/fpu\libg.a(libc_a-fwalk.o)
                0x0010bbc8                _fwalk_sglue
 .text.__malloc_lock
                0x0010bc38        0xc D:/devkitPro/devkitARM/bin/../lib/gcc/arm-none-eabi/14.2.0/../../../../arm-none-eabi/lib/armv6k/fpu\libg.a(libc_a-mlock.o)
                0x0010bc38                __malloc_lock
 .text.__malloc_unlock
                0x0010bc44        0xc D:/devkitPro/devkitARM/bin/../lib/gcc/arm-none-eabi/14.2.0/../../../../arm-none-eabi/lib/armv6k/fpu\libg.a(libc_a-mlock.o)
                0x0010bc44                __malloc_unlock
 .text.__call_exitprocs
                0x0010bc50        0x4 D:/devkitPro/devkitARM/bin/../lib/gcc/arm-none-eabi/14.2.0/../../../../arm-none-eabi/lib/armv6k/fpu\libg.a(libc_a-exit.o)
                0x0010bc50                __call_exitprocs
 .text.exit     0x0010bc54       0x30 D:/devkitPro/devkitARM/bin/../lib/gcc/arm-none-eabi/14.2.0/../../../../arm-none-eabi/lib/armv6k/fpu\libg.a(libc_a-exit.o)
                0x0010bc54                exit
 .text.strncpy  0x0010bc84       0xc4 D:/devkitPro/devkitARM/bin/../lib/gcc/arm-none-eabi/14.2.0/../../../../arm-none-eabi/lib/armv6k/fpu\libg.a(libc_a-strncpy.o)
                0x0010bc84                strncpy
 .text.__libc_init_array
                0x0010bd48       0x84 D:/devkitPro/devkitARM/bin/../lib/gcc/arm-none-eabi/14.2.0/../../../../arm-none-eabi/lib/armv6k/fpu\libg.a(libc_a-init.o)
                0x0010bd48                __libc_init_array
 .text.__sflush_r
                0x0010bdcc      0x228 D:/devkitPro/devkitARM/bin/../lib/gcc/arm-none-eabi/14.2.0/../../../../arm-none-eabi/lib/armv6k/fpu\libg.a(libc_a-fflush.o)
                0x0010bdcc                __sflush_r
 .text._fflush_r
                0x0010bff4       0x94 D:/devkitPro/devkitARM/bin/../lib/gcc/arm-none-eabi/14.2.0/../../../../arm-none-eabi/lib/armv6k/fpu\libg.a(libc_a-fflush.o)
                0x0010bff4                _fflush_r
 .text._memalign_r
                0x0010c088      0x150 D:/devkitPro/devkitARM/bin/../lib/gcc/arm-none-eabi/14.2.0/../../../../arm-none-eabi/lib/armv6k/fpu\libg.a(libc_a-malignr.o)
                0x0010c088                _memalign_r
 .text.__libc_fini_array
                0x0010c1d8       0x3c D:/devkitPro/devkitARM/bin/../lib/gcc/arm-none-eabi/14.2.0/../../../../arm-none-eabi/lib/armv6k/fpu\libg.a(libc_a-fini.o)
                0x0010c1d8                __libc_fini_array
 .text.__sread  0x0010c214       0x44 D:/devkitPro/devkitARM/bin/../lib/gcc/arm-none-eabi/14.2.0/../../../../arm-none-eabi/lib/armv6k/fpu\libg.a(libc_a-stdio.o)
                0x0010c214                __sread
 .text.__swrite
                0x0010c258       0x68 D:/devkitPro/devkitARM/bin/../lib/gcc/arm-none-eabi/14.2.0/../../../../arm-none-eabi/lib/armv6k/fpu\libg.a(libc_a-stdio.o)
                0x0010c258                __swrite
 .text.__sseek  0x0010c2c0       0x40 D:/devkitPro/devkitARM/bin/../lib/gcc/arm-none-eabi/14.2.0/../../../../arm-none-eabi/lib/armv6k/fpu\libg.a(libc_a-stdio.o)
                0x0010c2c0                __sseek
 .text.__sclose
                0x0010c300        0x8 D:/devkitPro/devkitARM/bin/../lib/gcc/arm-none-eabi/14.2.0/../../../../arm-none-eabi/lib/armv6k/fpu\libg.a(libc_a-stdio.o)
                0x0010c300                __sclose
 .text._fclose_r
                0x0010c308      0x148 D:/devkitPro/devkitARM/bin/../lib/gcc/arm-none-eabi/14.2.0/../../../../arm-none-eabi/lib/armv6k/fpu\libg.a(libc_a-fclose.o)
                0x0010c308                _fclose_r
 .text.get_arg  0x0010c450      0x5e4 D:/devkitPro/devkitARM/bin/../lib/gcc/arm-none-eabi/14.2.0/../../../../arm-none-eabi/lib/armv6k/fpu\libg.a(libc_a-vfprintf.o)
 *fill*         0x0010ca34        0x4 
 .text._vfprintf_r
                0x0010ca38     0x342c D:/devkitPro/devkitARM/bin/../lib/gcc/arm-none-eabi/14.2.0/../../../../arm-none-eabi/lib/armv6k/fpu\libg.a(libc_a-vfprintf.o)
                0x0010ca38                _vfprintf_r
 .text.__sbprintf
                0x0010fe64       0xb8 D:/devkitPro/devkitARM/bin/../lib/gcc/arm-none-eabi/14.2.0/../../../../arm-none-eabi/lib/armv6k/fpu\libg.a(libc_a-vfprintf.o)
 .text.__smakebuf_r
                0x0010ff1c      0x144 D:/devkitPro/devkitARM/bin/../lib/gcc/arm-none-eabi/14.2.0/../../../../arm-none-eabi/lib/armv6k/fpu\libg.a(libc_a-makebuf.o)
                0x0010ff1c                __smakebuf_r
 .text.__swhatbuf_r
                0x00110060       0x8c D:/devkitPro/devkitARM/bin/../lib/gcc/arm-none-eabi/14.2.0/../../../../arm-none-eabi/lib/armv6k/fpu\libg.a(libc_a-makebuf.o)
                0x00110060                __swhatbuf_r
 .text.quorem   0x001100ec      0x1b4 D:/devkitPro/devkitARM/bin/../lib/gcc/arm-none-eabi/14.2.0/../../../../arm-none-eabi/lib/armv6k/fpu\libg.a(libc_a-dtoa.o)
 .text._dtoa_r  0x001102a0     0x1370 D:/devkitPro/devkitARM/bin/../lib/gcc/arm-none-eabi/14.2.0/../../../../arm-none-eabi/lib/armv6k/fpu\libg.a(libc_a-dtoa.o)
                0x001102a0                _dtoa_r
 .text._wcrtomb_r
                0x00111610       0xa0 D:/devkitPro/devkitARM/bin/../lib/gcc/arm-none-eabi/14.2.0/../../../../arm-none-eabi/lib/armv6k/fpu\libg.a(libc_a-wcrtomb.o)
                0x00111610                _wcrtomb_r
 .text._wcsrtombs_r
                0x001116b0       0x28 D:/devkitPro/devkitARM/bin/../lib/gcc/arm-none-eabi/14.2.0/../../../../arm-none-eabi/lib/armv6k/fpu\libg.a(libc_a-wcsrtombs.o)
                0x001116b0                _wcsrtombs_r
 .text.__swsetup_r
                0x001116d8      0x194 D:/devkitPro/devkitARM/bin/../lib/gcc/arm-none-eabi/14.2.0/../../../../arm-none-eabi/lib/armv6k/fpu\libg.a(libc_a-wsetup.o)
                0x001116d8                __swsetup_r
 *fill*         0x0011186c        0x4 
 .text.frexp    0x00111870       0x88 D:/devkitPro/devkitARM/bin/../lib/gcc/arm-none-eabi/14.2.0/../../../../arm-none-eabi/lib/armv6k/fpu\libg.a(libm_a-s_frexp.o)
                0x00111870                frexp
 .text.__assert_func
                0x001118f8       0x5c D:/devkitPro/devkitARM/bin/../lib/gcc/arm-none-eabi/14.2.0/../../../../arm-none-eabi/lib/armv6k/fpu\libg.a(libc_a-assert.o)
                0x001118f8                __assert_func
 .text._Balloc  0x00111954       0x88 D:/devkitPro/devkitARM/bin/../lib/gcc/arm-none-eabi/14.2.0/../../../../arm-none-eabi/lib/armv6k/fpu\libg.a(libc_a-mprec.o)
                0x00111954                _Balloc
 .text._Bfree   0x001119dc       0x1c D:/devkitPro/devkitARM/bin/../lib/gcc/arm-none-eabi/14.2.0/../../../../arm-none-eabi/lib/armv6k/fpu\libg.a(libc_a-mprec.o)
                0x001119dc                _Bfree
 .text.__multadd
                0x001119f8       0xf4 D:/devkitPro/devkitARM/bin/../lib/gcc/arm-none-eabi/14.2.0/../../../../arm-none-eabi/lib/armv6k/fpu\libg.a(libc_a-mprec.o)
                0x001119f8                __multadd
 .text.__hi0bits
                0x00111aec       0x80 D:/devkitPro/devkitARM/bin/../lib/gcc/arm-none-eabi/14.2.0/../../../../arm-none-eabi/lib/armv6k/fpu\libg.a(libc_a-mprec.o)
                0x00111aec                __hi0bits
 .text.__lo0bits
                0x00111b6c       0xf4 D:/devkitPro/devkitARM/bin/../lib/gcc/arm-none-eabi/14.2.0/../../../../arm-none-eabi/lib/armv6k/fpu\libg.a(libc_a-mprec.o)
                0x00111b6c                __lo0bits
 .text.__i2b    0x00111c60       0xa4 D:/devkitPro/devkitARM/bin/../lib/gcc/arm-none-eabi/14.2.0/../../../../arm-none-eabi/lib/armv6k/fpu\libg.a(libc_a-mprec.o)
                0x00111c60                __i2b
 .text.__multiply
                0x00111d04      0x208 D:/devkitPro/devkitARM/bin/../lib/gcc/arm-none-eabi/14.2.0/../../../../arm-none-eabi/lib/armv6k/fpu\libg.a(libc_a-mprec.o)
                0x00111d04                __multiply
 .text.__pow5mult
                0x00111f0c      0x130 D:/devkitPro/devkitARM/bin/../lib/gcc/arm-none-eabi/14.2.0/../../../../arm-none-eabi/lib/armv6k/fpu\libg.a(libc_a-mprec.o)
                0x00111f0c                __pow5mult
 .text.__lshift
                0x0011203c      0x138 D:/devkitPro/devkitARM/bin/../lib/gcc/arm-none-eabi/14.2.0/../../../../arm-none-eabi/lib/armv6k/fpu\libg.a(libc_a-mprec.o)
                0x0011203c                __lshift
 .text.__mcmp   0x00112174       0x58 D:/devkitPro/devkitARM/bin/../lib/gcc/arm-none-eabi/14.2.0/../../../../arm-none-eabi/lib/armv6k/fpu\libg.a(libc_a-mprec.o)
                0x00112174                __mcmp
 .text.__mdiff  0x001121cc      0x1f0 D:/devkitPro/devkitARM/bin/../lib/gcc/arm-none-eabi/14.2.0/../../../../arm-none-eabi/lib/armv6k/fpu\libg.a(libc_a-mprec.o)
                0x001121cc                __mdiff
 .text.__d2b    0x001123bc      0x120 D:/devkitPro/devkitARM/bin/../lib/gcc/arm-none-eabi/14.2.0/../../../../arm-none-eabi/lib/armv6k/fpu\libg.a(libc_a-mprec.o)
                0x001123bc                __d2b
 .text.__locale_mb_cur_max
                0x001124dc       0x24 D:/devkitPro/devkitARM/bin/../lib/gcc/arm-none-eabi/14.2.0/../../../../arm-none-eabi/lib/armv6k/fpu\libg.a(libc_a-locale.o)
                0x001124dc                __locale_mb_cur_max
 .text.fiprintf
                0x00112500       0x3c D:/devkitPro/devkitARM/bin/../lib/gcc/arm-none-eabi/14.2.0/../../../../arm-none-eabi/lib/armv6k/fpu\libg.a(libc_a-fiprintf.o)
                0x00112500                fiprintf
 .text.memchr   0x0011253c       0xe0 D:/devkitPro/devkitARM/bin/../lib/gcc/arm-none-eabi/14.2.0/../../../../arm-none-eabi/lib/armv6k/fpu\libg.a(libc_a-memchr-stub.o)
                0x0011253c                memchr
 .text._wcsnrtombs_l
                0x0011261c      0x160 D:/devkitPro/devkitARM/bin/../lib/gcc/arm-none-eabi/14.2.0/../../../../arm-none-eabi/lib/armv6k/fpu\libg.a(libc_a-wcsnrtombs.o)
                0x0011261c                _wcsnrtombs_l
 .text._wcsnrtombs_r
                0x0011277c       0x64 D:/devkitPro/devkitARM/bin/../lib/gcc/arm-none-eabi/14.2.0/../../../../arm-none-eabi/lib/armv6k/fpu\libg.a(libc_a-wcsnrtombs.o)
                0x0011277c                _wcsnrtombs_r
 .text.__utf8_mbtowc
                0x001127e0      0x324 D:/devkitPro/devkitARM/bin/../lib/gcc/arm-none-eabi/14.2.0/../../../../arm-none-eabi/lib/armv6k/fpu\libg.a(libc_a-mbtowc_r.o)
                0x001127e0                __utf8_mbtowc
 .text.__sprint_r
                0x00112b04       0x30 D:/devkitPro/devkitARM/bin/../lib/gcc/arm-none-eabi/14.2.0/../../../../arm-none-eabi/lib/armv6k/fpu\libg.a(libc_a-sprint_r.o)
                0x00112b04                __sprint_r
 .text.abort    0x00112b34       0x14 D:/devkitPro/devkitARM/bin/../lib/gcc/arm-none-eabi/14.2.0/../../../../arm-none-eabi/lib/armv6k/fpu\libg.a(libc_a-abort.o)
                0x00112b34                abort
 .text._localeconv_r
                0x00112b48       0x24 D:/devkitPro/devkitARM/bin/../lib/gcc/arm-none-eabi/14.2.0/../../../../arm-none-eabi/lib/armv6k/fpu\libg.a(libc_a-localeconv.o)
                0x00112b48                _localeconv_r
 .text._calloc_r
                0x00112b6c       0xc0 D:/devkitPro/devkitARM/bin/../lib/gcc/arm-none-eabi/14.2.0/../../../../arm-none-eabi/lib/armv6k/fpu\libg.a(libc_a-callocr.o)
                0x00112b6c                _calloc_r
 .text.__utf8_wctomb
                0x00112c2c       0xf0 D:/devkitPro/devkitARM/bin/../lib/gcc/arm-none-eabi/14.2.0/../../../../arm-none-eabi/lib/armv6k/fpu\libg.a(libc_a-wctomb_r.o)
                0x00112c2c                __utf8_wctomb
 .text.strchr   0x00112d1c      0x130 D:/devkitPro/devkitARM/bin/../lib/gcc/arm-none-eabi/14.2.0/../../../../arm-none-eabi/lib/armv6k/fpu\libg.a(libc_a-strchr.o)
                0x00112d1c                strchr
 .text.memmove  0x00112e4c      0x160 D:/devkitPro/devkitARM/bin/../lib/gcc/arm-none-eabi/14.2.0/../../../../arm-none-eabi/lib/armv6k/fpu\libg.a(libc_a-memmove.o)
                0x00112e4c                memmove
 .text._raise_r
                0x00112fac       0x90 D:/devkitPro/devkitARM/bin/../lib/gcc/arm-none-eabi/14.2.0/../../../../arm-none-eabi/lib/armv6k/fpu\libg.a(libc_a-signal.o)
                0x00112fac                _raise_r
 .text.raise    0x0011303c       0x18 D:/devkitPro/devkitARM/bin/../lib/gcc/arm-none-eabi/14.2.0/../../../../arm-none-eabi/lib/armv6k/fpu\libg.a(libc_a-signal.o)
                0x0011303c                raise
 .text.__sfvwrite_r
                0x00113054      0x480 D:/devkitPro/devkitARM/bin/../lib/gcc/arm-none-eabi/14.2.0/../../../../arm-none-eabi/lib/armv6k/fpu\libg.a(libc_a-fvwrite.o)
                0x00113054                __sfvwrite_r
 .text.get_arg  0x001134d4      0x5e4 D:/devkitPro/devkitARM/bin/../lib/gcc/arm-none-eabi/14.2.0/../../../../arm-none-eabi/lib/armv6k/fpu\libg.a(libc_a-vfiprintf.o)
 .text._vfiprintf_r
                0x00113ab8     0x2264 D:/devkitPro/devkitARM/bin/../lib/gcc/arm-none-eabi/14.2.0/../../../../arm-none-eabi/lib/armv6k/fpu\libg.a(libc_a-vfiprintf.o)
                0x00113ab8                _vfiprintf_r
 .text.__sbprintf
                0x00115d1c       0xb8 D:/devkitPro/devkitARM/bin/../lib/gcc/arm-none-eabi/14.2.0/../../../../arm-none-eabi/lib/armv6k/fpu\libg.a(libc_a-vfiprintf.o)
 .text._realloc_r
                0x00115dd4      0x4a4 D:/devkitPro/devkitARM/bin/../lib/gcc/arm-none-eabi/14.2.0/../../../../arm-none-eabi/lib/armv6k/fpu\libg.a(libc_a-reallocr.o)
                0x00115dd4                _realloc_r
 .text._exit    0x00116278       0x20 D:/devkitPro/devkitARM/bin/../lib/gcc/arm-none-eabi/14.2.0/../../../../arm-none-eabi/lib/armv6k/fpu\libsysbase.a(libsysbase_libsysbase_a-_exit.o)
                0x00116278                _exit
 .text.chdir    0x00116298      0x13c D:/devkitPro/devkitARM/bin/../lib/gcc/arm-none-eabi/14.2.0/../../../../arm-none-eabi/lib/armv6k/fpu\libsysbase.a(libsysbase_libsysbase_a-chdir.o)
                0x00116298                chdir
 .text._concatenate_path
                0x001163d4      0x1cc D:/devkitPro/devkitARM/bin/../lib/gcc/arm-none-eabi/14.2.0/../../../../arm-none-eabi/lib/armv6k/fpu\libsysbase.a(libsysbase_libsysbase_a-concatenate.o)
                0x001163d4                _concatenate_path
 .text._fstat_r
                0x001165a0       0x88 D:/devkitPro/devkitARM/bin/../lib/gcc/arm-none-eabi/14.2.0/../../../../arm-none-eabi/lib/armv6k/fpu\libsysbase.a(libsysbase_libsysbase_a-fstat.o)
                0x001165a0                _fstat_r
 .text._getpid_r
                0x00116628       0x14 D:/devkitPro/devkitARM/bin/../lib/gcc/arm-none-eabi/14.2.0/../../../../arm-none-eabi/lib/armv6k/fpu\libsysbase.a(libsysbase_libsysbase_a-getpid.o)
                0x00116628                _getpid_r
 .text.__getreent
                0x0011663c       0x2c D:/devkitPro/devkitARM/bin/../lib/gcc/arm-none-eabi/14.2.0/../../../../arm-none-eabi/lib/armv6k/fpu\libsysbase.a(libsysbase_libsysbase_a-getreent.o)
                0x0011663c                __getreent
 .text.__get_handle
                0x00116668       0x3c D:/devkitPro/devkitARM/bin/../lib/gcc/arm-none-eabi/14.2.0/../../../../arm-none-eabi/lib/armv6k/fpu\libsysbase.a(libsysbase_libsysbase_a-handle_manager.o)
                0x00116668                __get_handle
 .text._close_r
                0x001166a4       0xf4 D:/devkitPro/devkitARM/bin/../lib/gcc/arm-none-eabi/14.2.0/../../../../arm-none-eabi/lib/armv6k/fpu\libsysbase.a(libsysbase_libsysbase_a-handle_manager.o)
                0x001166a4                _close_r
 .text.null_write
                0x00116798        0x8 D:/devkitPro/devkitARM/bin/../lib/gcc/arm-none-eabi/14.2.0/../../../../arm-none-eabi/lib/armv6k/fpu\libsysbase.a(libsysbase_libsysbase_a-iosupport.o)
 .text.setDefaultDevice
                0x001167a0       0x18 D:/devkitPro/devkitARM/bin/../lib/gcc/arm-none-eabi/14.2.0/../../../../arm-none-eabi/lib/armv6k/fpu\libsysbase.a(libsysbase_libsysbase_a-iosupport.o)
                0x001167a0                setDefaultDevice
 .text.FindDevice
                0x001167b8       0xc8 D:/devkitPro/devkitARM/bin/../lib/gcc/arm-none-eabi/14.2.0/../../../../arm-none-eabi/lib/armv6k/fpu\libsysbase.a(libsysbase_libsysbase_a-iosupport.o)
                0x001167b8                FindDevice
 .text.RemoveDevice
                0x00116880       0x28 D:/devkitPro/devkitARM/bin/../lib/gcc/arm-none-eabi/14.2.0/../../../../arm-none-eabi/lib/armv6k/fpu\libsysbase.a(libsysbase_libsysbase_a-iosupport.o)
                0x00116880                RemoveDevice
 .text.AddDevice
                0x001168a8       0x98 D:/devkitPro/devkitARM/bin/../lib/gcc/arm-none-eabi/14.2.0/../../../../arm-none-eabi/lib/armv6k/fpu\libsysbase.a(libsysbase_libsysbase_a-iosupport.o)
                0x001168a8                AddDevice
 .text.GetDeviceOpTab
                0x00116940       0x20 D:/devkitPro/devkitARM/bin/../lib/gcc/arm-none-eabi/14.2.0/../../../../arm-none-eabi/lib/armv6k/fpu\libsysbase.a(libsysbase_libsysbase_a-iosupport.o)
                0x00116940                GetDeviceOpTab
 .text._isatty_r
                0x00116960        0x8 D:/devkitPro/devkitARM/bin/../lib/gcc/arm-none-eabi/14.2.0/../../../../arm-none-eabi/lib/armv6k/fpu\libsysbase.a(libsysbase_libsysbase_a-isatty.o)
                0x00116960                _isatty_r
 .text._kill_r  0x00116968       0x14 D:/devkitPro/devkitARM/bin/../lib/gcc/arm-none-eabi/14.2.0/../../../../arm-none-eabi/lib/armv6k/fpu\libsysbase.a(libsysbase_libsysbase_a-kill.o)
                0x00116968                _kill_r
 .text._lseek_r
                0x0011697c       0x8c D:/devkitPro/devkitARM/bin/../lib/gcc/arm-none-eabi/14.2.0/../../../../arm-none-eabi/lib/armv6k/fpu\libsysbase.a(libsysbase_libsysbase_a-lseek.o)
                0x0011697c                _lseek_r
 .text._read_r  0x00116a08       0x88 D:/devkitPro/devkitARM/bin/../lib/gcc/arm-none-eabi/14.2.0/../../../../arm-none-eabi/lib/armv6k/fpu\libsysbase.a(libsysbase_libsysbase_a-read.o)
                0x00116a08                _read_r
 .text._sbrk_r  0x00116a90       0x78 D:/devkitPro/devkitARM/bin/../lib/gcc/arm-none-eabi/14.2.0/../../../../arm-none-eabi/lib/armv6k/fpu\libsysbase.a(libsysbase_libsysbase_a-sbrk.o)
                0x00116a90                _sbrk_r
 .text.__libc_lock_acquire
                0x00116b08       0x1c D:/devkitPro/devkitARM/bin/../lib/gcc/arm-none-eabi/14.2.0/../../../../arm-none-eabi/lib/armv6k/fpu\libsysbase.a(libsysbase_libsysbase_a-syscall_support.o)
                0x00116b08                __libc_lock_acquire
 .text.__libc_lock_release
                0x00116b24       0x1c D:/devkitPro/devkitARM/bin/../lib/gcc/arm-none-eabi/14.2.0/../../../../arm-none-eabi/lib/armv6k/fpu\libsysbase.a(libsysbase_libsysbase_a-syscall_support.o)
                0x00116b24                __libc_lock_release
 .text.__libc_lock_acquire_recursive
                0x00116b40       0x1c D:/devkitPro/devkitARM/bin/../lib/gcc/arm-none-eabi/14.2.0/../../../../arm-none-eabi/lib/armv6k/fpu\libsysbase.a(libsysbase_libsysbase_a-syscall_support.o)
                0x00116b40                __libc_lock_acquire_recursive
 .text.__libc_lock_release_recursive
                0x00116b5c       0x1c D:/devkitPro/devkitARM/bin/../lib/gcc/arm-none-eabi/14.2.0/../../../../arm-none-eabi/lib/armv6k/fpu\libsysbase.a(libsysbase_libsysbase_a-syscall_support.o)
                0x00116b5c                __libc_lock_release_recursive
 .text._write_r
                0x00116b78       0x88 D:/devkitPro/devkitARM/bin/../lib/gcc/arm-none-eabi/14.2.0/../../../../arm-none-eabi/lib/armv6k/fpu\libsysbase.a(libsysbase_libsysbase_a-write.o)
                0x00116b78                _write_r
 .text.strrchr  0x00116c00       0x48 D:/devkitPro/devkitARM/bin/../lib/gcc/arm-none-eabi/14.2.0/../../../../arm-none-eabi/lib/armv6k/fpu\libg.a(libc_a-strrchr.o)
                0x00116c00                strrchr
 *(.glue_7)
 .glue_7        0x00116c48        0x0 linker stubs
 *(.glue_7t)
 .glue_7t       0x00116c48        0x0 linker stubs
 *(.stub)
 *(.gnu.warning)
 *(.gnu.linkonce.t*)
                0x00116c48                        . = ALIGN (0x4)
 *(.fini)
 .fini          0x00116c48        0xc D:/devkitPro/devkitARM/bin/../lib/gcc/arm-none-eabi/14.2.0/armv6k/fpu/crti.o
                0x00116c48                _fini
 .fini          0x00116c54        0xc D:/devkitPro/devkitARM/bin/../lib/gcc/arm-none-eabi/14.2.0/armv6k/fpu/crtn.o
                0x00116c60                        . = ALIGN (0x4)

.vfp11_veneer   0x00116c60        0x0
 .vfp11_veneer  0x00116c60        0x0 linker stubs

.v4_bx          0x00116c60        0x0
 .v4_bx         0x00116c60        0x0 linker stubs

.iplt           0x00116c60        0x0
 .iplt          0x00116c60        0x0 D:/devkitPro/devkitARM/bin/../lib/gcc/arm-none-eabi/14.2.0/../../../../arm-none-eabi/lib/armv6k/fpu/3dsx_crt0.o
                0x00117000                        . = ALIGN (0x1000)

.rodata         0x00117000     0x1348
 *(.rodata)
 .rodata        0x00117000        0xc D:/devkitPro/libctru/lib\libctru.a(archive_dev.o)
 *(.roda)
 *(.rodata.*)
 .rodata.str1.4
                0x0011700c      0x218 main.o
                                 0x41 (size before relaxing)
 .rodata.consoleHandleColorEsc
                0x00117224       0x6c D:/devkitPro/libctru/lib\libctru.a(console.o)
 .rodata.consolePrintChar
                0x00117290        0x6 D:/devkitPro/libctru/lib\libctru.a(console.o)
 .rodata.con_write
                0x00117296       0x46 D:/devkitPro/libctru/lib\libctru.a(console.o)
 .rodata.str1.4
                0x001172dc       0x10 D:/devkitPro/libctru/lib\libctru.a(console.o)
 .rodata.dotab_stdout
                0x001172dc       0x80 D:/devkitPro/libctru/lib\libctru.a(console.o)
 .rodata.grayScale
                0x0011735c       0x18 D:/devkitPro/libctru/lib\libctru.a(console.o)
 .rodata.colorCube
                0x00117374        0x6 D:/devkitPro/libctru/lib\libctru.a(console.o)
 *fill*         0x0011737a        0x2 
 .rodata.colorTable
                0x0011737c       0x30 D:/devkitPro/libctru/lib\libctru.a(console.o)
 .rodata.aptSendCommand.str1.4
                0x001173ac       0x16 D:/devkitPro/libctru/lib\libctru.a(apt.o)
 .rodata.aptEventHandler
                0x001173ac        0xb D:/devkitPro/libctru/lib\libctru.a(apt.o)
 .rodata.aptWaitForWakeUp.isra.0
                0x001173b7       0x11 D:/devkitPro/libctru/lib\libctru.a(apt.o)
 .rodata.morton_y.2
                0x001173c8        0x8 D:/devkitPro/libctru/lib\libctru.a(apt.o)
 .rodata.morton_x.3
                0x001173d0        0x8 D:/devkitPro/libctru/lib\libctru.a(apt.o)
 .rodata.s_sleepWakeEvents.4
                0x001173d8        0x8 D:/devkitPro/libctru/lib\libctru.a(apt.o)
 .rodata.gspInit.str1.4
                0x001173e0        0x9 D:/devkitPro/libctru/lib\libctru.a(gspgpu.o)
 .rodata.hidInit.str1.4
                0x001173e0       0x15 D:/devkitPro/libctru/lib\libctru.a(hid.o)
 .rodata.irrstInit.str1.4
                0x001173e0        0x7 D:/devkitPro/libctru/lib\libctru.a(irrst.o)
 .rodata.__system_initArgv.str1.4
                0x001173e0        0xa D:/devkitPro/libctru/lib\libctru.a(initArgv.o)
 .rodata.default_font_bin
                0x001173e0      0x800 D:/devkitPro/libctru/lib\libctru.a(default_font.bin.o)
                0x001173e0                default_font_bin
                0x00117be0                default_font_bin_end
 .rodata.srvInit.str1.4
                0x00117be0        0x5 D:/devkitPro/libctru/lib\libctru.a(srv.o)
 .rodata.ptmSysmInit.str1.4
                0x00117be0        0x9 D:/devkitPro/libctru/lib\libctru.a(ptmsysm.o)
 .rodata.archive_utf16path.str1.4
                0x00117be0        0x2 D:/devkitPro/libctru/lib\libctru.a(archive_dev.o)
 .rodata._archiveUnmountDeviceStruct.part.0.str1.4
                0x00117be0        0x2 D:/devkitPro/libctru/lib\libctru.a(archive_dev.o)
 .rodata._archiveMountDevice.str1.4
                0x00117be0        0xc D:/devkitPro/libctru/lib\libctru.a(archive_dev.o)
 .rodata.archiveMountSdmc.str1.4
                0x00117be0        0x5 D:/devkitPro/libctru/lib\libctru.a(archive_dev.o)
 .rodata.error_table
                0x00117be0       0x30 D:/devkitPro/libctru/lib\libctru.a(archive_dev.o)
 .rodata.str1.4
                0x00117c10        0x8 D:/devkitPro/libctru/lib\libctru.a(archive_dev.o)
 .rodata.archive_devoptab
                0x00117c10       0x80 D:/devkitPro/libctru/lib\libctru.a(archive_dev.o)
 .rodata.fsInit.str1.4
                0x00117c90        0x8 D:/devkitPro/libctru/lib\libctru.a(fs.o)
 .rodata._ctype_
                0x00117c90      0x101 D:/devkitPro/devkitARM/bin/../lib/gcc/arm-none-eabi/14.2.0/../../../../arm-none-eabi/lib/armv6k/fpu\libg.a(libc_a-ctype_.o)
                0x00117c90                _ctype_
 *fill*         0x00117d91        0x1 
 .rodata.get_arg
                0x00117d92       0x34 D:/devkitPro/devkitARM/bin/../lib/gcc/arm-none-eabi/14.2.0/../../../../arm-none-eabi/lib/armv6k/fpu\libg.a(libc_a-vfprintf.o)
 .rodata._vfprintf_r.str1.1
                0x00117dc6       0x3b D:/devkitPro/devkitARM/bin/../lib/gcc/arm-none-eabi/14.2.0/../../../../arm-none-eabi/lib/armv6k/fpu\libg.a(libc_a-vfprintf.o)
 *fill*         0x00117e01        0x1 
 .rodata._vfprintf_r
                0x00117e02       0xb6 D:/devkitPro/devkitARM/bin/../lib/gcc/arm-none-eabi/14.2.0/../../../../arm-none-eabi/lib/armv6k/fpu\libg.a(libc_a-vfprintf.o)
 .rodata.zeroes.0
                0x00117eb8       0x10 D:/devkitPro/devkitARM/bin/../lib/gcc/arm-none-eabi/14.2.0/../../../../arm-none-eabi/lib/armv6k/fpu\libg.a(libc_a-vfprintf.o)
 .rodata.blanks.1
                0x00117ec8       0x10 D:/devkitPro/devkitARM/bin/../lib/gcc/arm-none-eabi/14.2.0/../../../../arm-none-eabi/lib/armv6k/fpu\libg.a(libc_a-vfprintf.o)
 .rodata._dtoa_r.str1.4
                0x00117ed8       0x6a D:/devkitPro/devkitARM/bin/../lib/gcc/arm-none-eabi/14.2.0/../../../../arm-none-eabi/lib/armv6k/fpu\libg.a(libc_a-dtoa.o)
 .rodata._dtoa_r
                0x00117ed8        0x8 D:/devkitPro/devkitARM/bin/../lib/gcc/arm-none-eabi/14.2.0/../../../../arm-none-eabi/lib/armv6k/fpu\libg.a(libc_a-dtoa.o)
 .rodata.__action_table
                0x00117ee0       0x6c D:/devkitPro/devkitARM/bin/../lib/gcc/arm-none-eabi/14.2.0/../../../../arm-none-eabi/lib/armv6k/fpu\libg.a(libc_a-svfiprintf.o)
                0x00117ee0                __action_table
 .rodata.__state_table
                0x00117f4c       0x6c D:/devkitPro/devkitARM/bin/../lib/gcc/arm-none-eabi/14.2.0/../../../../arm-none-eabi/lib/armv6k/fpu\libg.a(libc_a-svfiprintf.o)
                0x00117f4c                __state_table
 .rodata.__chclass
                0x00117fb8      0x100 D:/devkitPro/devkitARM/bin/../lib/gcc/arm-none-eabi/14.2.0/../../../../arm-none-eabi/lib/armv6k/fpu\libg.a(libc_a-svfiprintf.o)
                0x00117fb8                __chclass
 .rodata.__assert_func.str1.4
                0x001180b8       0x43 D:/devkitPro/devkitARM/bin/../lib/gcc/arm-none-eabi/14.2.0/../../../../arm-none-eabi/lib/armv6k/fpu\libg.a(libc_a-assert.o)
 .rodata.__multadd.str1.4
                0x001180b8       0x57 D:/devkitPro/devkitARM/bin/../lib/gcc/arm-none-eabi/14.2.0/../../../../arm-none-eabi/lib/armv6k/fpu\libg.a(libc_a-mprec.o)
 .rodata.p05.0  0x001180b8        0xc D:/devkitPro/devkitARM/bin/../lib/gcc/arm-none-eabi/14.2.0/../../../../arm-none-eabi/lib/armv6k/fpu\libg.a(libc_a-mprec.o)
 *fill*         0x001180c4        0x4 
 .rodata.__mprec_bigtens
                0x001180c8       0x28 D:/devkitPro/devkitARM/bin/../lib/gcc/arm-none-eabi/14.2.0/../../../../arm-none-eabi/lib/armv6k/fpu\libg.a(libc_a-mprec.o)
                0x001180c8                __mprec_bigtens
 .rodata.__mprec_tens
                0x001180f0       0xc8 D:/devkitPro/devkitARM/bin/../lib/gcc/arm-none-eabi/14.2.0/../../../../arm-none-eabi/lib/armv6k/fpu\libg.a(libc_a-mprec.o)
                0x001180f0                __mprec_tens
 .rodata.str1.4
                0x001181b8       0x4c D:/devkitPro/devkitARM/bin/../lib/gcc/arm-none-eabi/14.2.0/../../../../arm-none-eabi/lib/armv6k/fpu\libg.a(libc_a-locale.o)
 .rodata.get_arg
                0x001181b8       0x34 D:/devkitPro/devkitARM/bin/../lib/gcc/arm-none-eabi/14.2.0/../../../../arm-none-eabi/lib/armv6k/fpu\libg.a(libc_a-vfiprintf.o)
 .rodata._vfiprintf_r.str1.1
                0x001181ec       0x29 D:/devkitPro/devkitARM/bin/../lib/gcc/arm-none-eabi/14.2.0/../../../../arm-none-eabi/lib/armv6k/fpu\libg.a(libc_a-vfiprintf.o)
 .rodata._vfiprintf_r
                0x001181ec       0xb6 D:/devkitPro/devkitARM/bin/../lib/gcc/arm-none-eabi/14.2.0/../../../../arm-none-eabi/lib/armv6k/fpu\libg.a(libc_a-vfiprintf.o)
 *fill*         0x001182a2        0x2 
 .rodata.zeroes.0
                0x001182a4       0x10 D:/devkitPro/devkitARM/bin/../lib/gcc/arm-none-eabi/14.2.0/../../../../arm-none-eabi/lib/armv6k/fpu\libg.a(libc_a-vfiprintf.o)
 .rodata.blanks.1
                0x001182b4       0x10 D:/devkitPro/devkitARM/bin/../lib/gcc/arm-none-eabi/14.2.0/../../../../arm-none-eabi/lib/armv6k/fpu\libg.a(libc_a-vfiprintf.o)
 .rodata.AddDevice.str1.4
                0x001182c4        0x8 D:/devkitPro/devkitARM/bin/../lib/gcc/arm-none-eabi/14.2.0/../../../../arm-none-eabi/lib/armv6k/fpu\libsysbase.a(libsysbase_libsysbase_a-iosupport.o)
 .rodata.dotab_stdnull
                0x001182c4       0x80 D:/devkitPro/devkitARM/bin/../lib/gcc/arm-none-eabi/14.2.0/../../../../arm-none-eabi/lib/armv6k/fpu\libsysbase.a(libsysbase_libsysbase_a-iosupport.o)
                0x001182c4                dotab_stdnull
 *all.rodata*(*)
 *(.gnu.linkonce.r*)
                0x00118344                        . = ALIGN (0x4)
                0x00118344                        __tdata_align = .
                0x00118344        0x4 LONG 0x4 ALIGNOF (.tdata)
                0x00118348                        . = ALIGN (0x4)

.eh_frame       0x00118348        0x0
 .eh_frame      0x00118348        0x0 D:/devkitPro/devkitARM/bin/../lib/gcc/arm-none-eabi/14.2.0/armv6k/fpu/crtbegin.o

.rel.dyn        0x00118348        0x0
 .rel.iplt      0x00118348        0x0 D:/devkitPro/devkitARM/bin/../lib/gcc/arm-none-eabi/14.2.0/../../../../arm-none-eabi/lib/armv6k/fpu/3dsx_crt0.o
 .rel.got       0x00118348        0x0 D:/devkitPro/devkitARM/bin/../lib/gcc/arm-none-eabi/14.2.0/../../../../arm-none-eabi/lib/armv6k/fpu/3dsx_crt0.o

.ARM.extab
 *(.ARM.extab* .gnu.linkonce.armextab.*)
                0x00118348                        __exidx_start = .

.ARM.exidx
 *(.ARM.exidx* .gnu.linkonce.armexidx.*)
                0x00118348                        __exidx_end = .
                0x00119000                        . = ALIGN (0x1000)

.data           0x00119000     0x1bcc
 *(.data)
 *(.data.*)
 .data.firstConsoleInit.0
                0x00119000        0x1 D:/devkitPro/libctru/lib\libctru.a(console.o)
 *fill*         0x00119001        0x3 
 .data.currentConsole
                0x00119004        0x4 D:/devkitPro/libctru/lib\libctru.a(console.o)
                0x00119004                currentConsole
 .data.defaultConsole
                0x00119008       0x48 D:/devkitPro/libctru/lib\libctru.a(console.o)
                0x00119008                defaultConsole
 .data.aptChainloadDeliverArgSize
                0x00119050        0x4 D:/devkitPro/libctru/lib\libctru.a(apt.o)
 .data.kCount   0x00119054        0x4 D:/devkitPro/libctru/lib\libctru.a(hid.o)
 .data.kInterval
                0x00119058        0x4 D:/devkitPro/libctru/lib\libctru.a(hid.o)
 .data.kDelay   0x0011905c        0x4 D:/devkitPro/libctru/lib\libctru.a(hid.o)
 .data.__stacksize__
                0x00119060        0x4 D:/devkitPro/libctru/lib\libctru.a(stack_adjust.o)
                0x00119060                __stacksize__
 .data._impure_ptr
                0x00119064        0x4 D:/devkitPro/devkitARM/bin/../lib/gcc/arm-none-eabi/14.2.0/../../../../arm-none-eabi/lib/armv6k/fpu\libg.a(libc_a-impure.o)
                0x00119064                _impure_ptr
 .data._impure_data
                0x00119068      0x120 D:/devkitPro/devkitARM/bin/../lib/gcc/arm-none-eabi/14.2.0/../../../../arm-none-eabi/lib/armv6k/fpu\libg.a(libc_a-impure.o)
                0x00119068                _impure_data
 .data.__sglue  0x00119188        0xc D:/devkitPro/devkitARM/bin/../lib/gcc/arm-none-eabi/14.2.0/../../../../arm-none-eabi/lib/armv6k/fpu\libg.a(libc_a-findfp.o)
                0x00119188                __sglue
 .data.__malloc_sbrk_base
                0x00119194        0x4 D:/devkitPro/devkitARM/bin/../lib/gcc/arm-none-eabi/14.2.0/../../../../arm-none-eabi/lib/armv6k/fpu\libg.a(libc_a-mallocr.o)
                0x00119194                __malloc_sbrk_base
 .data.__malloc_trim_threshold
                0x00119198        0x4 D:/devkitPro/devkitARM/bin/../lib/gcc/arm-none-eabi/14.2.0/../../../../arm-none-eabi/lib/armv6k/fpu\libg.a(libc_a-mallocr.o)
                0x00119198                __malloc_trim_threshold
 *fill*         0x0011919c        0x4 
 .data.__malloc_av_
                0x001191a0      0x408 D:/devkitPro/devkitARM/bin/../lib/gcc/arm-none-eabi/14.2.0/../../../../arm-none-eabi/lib/armv6k/fpu\libg.a(libc_a-mallocr.o)
                0x001191a0                __malloc_av_
 .data.__global_locale
                0x001195a8      0x16c D:/devkitPro/devkitARM/bin/../lib/gcc/arm-none-eabi/14.2.0/../../../../arm-none-eabi/lib/armv6k/fpu\libg.a(libc_a-locale.o)
                0x001195a8                __global_locale
 .data._current_working_directory
                0x00119714      0x400 D:/devkitPro/devkitARM/bin/../lib/gcc/arm-none-eabi/14.2.0/../../../../arm-none-eabi/lib/armv6k/fpu\libsysbase.a(libsysbase_libsysbase_a-chdir.o)
 *fill*         0x00119b14        0x4 
 .data.handles  0x00119b18     0x1000 D:/devkitPro/devkitARM/bin/../lib/gcc/arm-none-eabi/14.2.0/../../../../arm-none-eabi/lib/armv6k/fpu\libsysbase.a(libsysbase_libsysbase_a-handle_manager.o)
 .data.__stderr_handle
                0x0011ab18        0xc D:/devkitPro/devkitARM/bin/../lib/gcc/arm-none-eabi/14.2.0/../../../../arm-none-eabi/lib/armv6k/fpu\libsysbase.a(libsysbase_libsysbase_a-handle_manager.o)
 .data.__stdout_handle
                0x0011ab24        0xc D:/devkitPro/devkitARM/bin/../lib/gcc/arm-none-eabi/14.2.0/../../../../arm-none-eabi/lib/armv6k/fpu\libsysbase.a(libsysbase_libsysbase_a-handle_manager.o)
 .data.__stdin_handle
                0x0011ab30        0xc D:/devkitPro/devkitARM/bin/../lib/gcc/arm-none-eabi/14.2.0/../../../../arm-none-eabi/lib/armv6k/fpu\libsysbase.a(libsysbase_libsysbase_a-handle_manager.o)
 .data.devoptab_list
                0x0011ab3c       0x8c D:/devkitPro/devkitARM/bin/../lib/gcc/arm-none-eabi/14.2.0/../../../../arm-none-eabi/lib/armv6k/fpu\libsysbase.a(libsysbase_libsysbase_a-iosupport.o)
                0x0011ab3c                devoptab_list
 .data.defaultDevice
                0x0011abc8        0x4 D:/devkitPro/devkitARM/bin/../lib/gcc/arm-none-eabi/14.2.0/../../../../arm-none-eabi/lib/armv6k/fpu\libsysbase.a(libsysbase_libsysbase_a-iosupport.o)
 *(.gnu.linkonce.d*)
                0x0011abcc                        . = ALIGN (0x4)

.igot.plt       0x0011abcc        0x0
 .igot.plt      0x0011abcc        0x0 D:/devkitPro/devkitARM/bin/../lib/gcc/arm-none-eabi/14.2.0/../../../../arm-none-eabi/lib/armv6k/fpu/3dsx_crt0.o

.got            0x0011abcc        0x8
 .got           0x0011abcc        0x8 D:/devkitPro/devkitARM/bin/../lib/gcc/arm-none-eabi/14.2.0/../../../../arm-none-eabi/lib/armv6k/fpu/3dsx_crt0.o

.got.plt        0x0011abd4        0xc
 .got.plt       0x0011abd4        0xc D:/devkitPro/devkitARM/bin/../lib/gcc/arm-none-eabi/14.2.0/../../../../arm-none-eabi/lib/armv6k/fpu/3dsx_crt0.o
                0x0011abd4                _GLOBAL_OFFSET_TABLE_

.tdata          0x0011abe0        0x0
                0x0011abe0                        __tdata_lma = .
 *(.tdata)
 *(.tdata.*)
 *(.gnu.linkonce.td.*)
                0x0011abe0                        . = ALIGN (0x4)
                0x0011abe0                        __tdata_lma_end = .

.tbss           0x0011abe0      0xc08
 *(.tbss)
 *(.tbss.*)
 .tbss.__ctru_dev_utf16_buf
                0x0011abe0      0x802 D:/devkitPro/libctru/lib\libctru.a(path_buf.o)
                0x0011abe0                __ctru_dev_utf16_buf
 *fill*         0x0011b3e2        0x2 
 .tbss.__ctru_dev_path_buf
                0x0011b3e4      0x401 D:/devkitPro/libctru/lib\libctru.a(path_buf.o)
                0x0011b3e4                __ctru_dev_path_buf
 *(.gnu.linkonce.tb.*)
 *(.tcommon)
                0x0011b7e8                        . = ALIGN (0x4)
 *fill*         0x0011b7e5        0x3 

.preinit_array  0x0011abe0        0x0
                0x0011abe0                        PROVIDE (__preinit_array_start = .)
 *(.preinit_array)
                0x0011abe0                        PROVIDE (__preinit_array_end = .)

.init_array     0x0011abe0        0x4
                0x0011abe0                        PROVIDE (__init_array_start = .)
 *(SORT_BY_NAME(.init_array.*))
 *(.init_array)
 .init_array    0x0011abe0        0x4 D:/devkitPro/devkitARM/bin/../lib/gcc/arm-none-eabi/14.2.0/armv6k/fpu/crtbegin.o
                0x0011abe4                        PROVIDE (__init_array_end = .)

.fini_array     0x0011abe4        0x4
                0x0011abe4                        PROVIDE (__fini_array_start = .)
 *(.fini_array)
 .fini_array    0x0011abe4        0x4 D:/devkitPro/devkitARM/bin/../lib/gcc/arm-none-eabi/14.2.0/armv6k/fpu/crtbegin.o
 *(SORT_BY_NAME(.fini_array.*))
                0x0011abe8                        PROVIDE (__fini_array_end = .)

.ctors
 *crtbegin.o(.ctors)
 *(EXCLUDE_FILE(*crtend.o) .ctors)
 *(SORT_BY_NAME(.ctors.*))
 *(.ctors)

.dtors
 *crtbegin.o(.dtors)
 *(EXCLUDE_FILE(*crtend.o) .dtors)
 *(SORT_BY_NAME(.dtors.*))
 *(.dtors)
                0x0011abe8                        __bss_start__ = .

.bss            0x0011abe8     0x2de4
 *(.dynbss)
 *(.bss)
 *(.bss.*)
 .bss.completed.1
                0x0011abe8        0x1 D:/devkitPro/devkitARM/bin/../lib/gcc/arm-none-eabi/14.2.0/armv6k/fpu/crtbegin.o
 *fill*         0x0011abe9        0x3 
 .bss.object.0  0x0011abec       0x18 D:/devkitPro/devkitARM/bin/../lib/gcc/arm-none-eabi/14.2.0/armv6k/fpu/crtbegin.o
 .bss.escapeSeq
                0x0011ac04       0x1c D:/devkitPro/libctru/lib\libctru.a(console.o)
 .bss.currentCopy
                0x0011ac20       0x48 D:/devkitPro/libctru/lib\libctru.a(console.o)
                0x0011ac20                currentCopy
 .bss.screenAlloc
                0x0011ac68        0x4 D:/devkitPro/libctru/lib\libctru.a(gfx.o)
 .bss.screenFree
                0x0011ac6c        0x4 D:/devkitPro/libctru/lib\libctru.a(gfx.o)
 .bss.gfxIsDoubleBuf
                0x0011ac70        0x2 D:/devkitPro/libctru/lib\libctru.a(gfx.o)
 *fill*         0x0011ac72        0x2 
 .bss.gfxCurBuf
                0x0011ac74        0x2 D:/devkitPro/libctru/lib\libctru.a(gfx.o)
 .bss.gfxIsVram
                0x0011ac76        0x1 D:/devkitPro/libctru/lib\libctru.a(gfx.o)
 .bss.gfxTopMode
                0x0011ac77        0x1 D:/devkitPro/libctru/lib\libctru.a(gfx.o)
 .bss.gfxFramebufferFormats
                0x0011ac78        0x2 D:/devkitPro/libctru/lib\libctru.a(gfx.o)
 *fill*         0x0011ac7a        0x2 
 .bss.gfxBottomFramebufferMaxSize
                0x0011ac7c        0x4 D:/devkitPro/libctru/lib\libctru.a(gfx.o)
 .bss.gfxTopFramebufferMaxSize
                0x0011ac80        0x4 D:/devkitPro/libctru/lib\libctru.a(gfx.o)
 *fill*         0x0011ac84        0x4 
 .bss.gfxBottomFramebuffers
                0x0011ac88        0x8 D:/devkitPro/libctru/lib\libctru.a(gfx.o)
 .bss.gfxTopFramebuffers
                0x0011ac90        0x8 D:/devkitPro/libctru/lib\libctru.a(gfx.o)
 .bss.flagValue.0
                0x0011ac98        0x1 D:/devkitPro/libctru/lib\libctru.a(apt.o)
 .bss.flagInit.1
                0x0011ac99        0x1 D:/devkitPro/libctru/lib\libctru.a(apt.o)
 *fill*         0x0011ac9a        0x2 
 .bss.serviceName.6
                0x0011ac9c        0x4 D:/devkitPro/libctru/lib\libctru.a(apt.o)
 .bss.aptChainloadFlags
                0x0011aca0        0x1 D:/devkitPro/libctru/lib\libctru.a(apt.o)
 .bss.aptChainloadMediatype
                0x0011aca1        0x1 D:/devkitPro/libctru/lib\libctru.a(apt.o)
 *fill*         0x0011aca2        0x2 
 .bss.aptChainloadHmac
                0x0011aca4       0x20 D:/devkitPro/libctru/lib\libctru.a(apt.o)
 .bss.aptChainloadDeliverArg
                0x0011acc4      0x300 D:/devkitPro/libctru/lib\libctru.a(apt.o)
 *fill*         0x0011afc4        0x4 
 .bss.aptChainloadTid
                0x0011afc8        0x8 D:/devkitPro/libctru/lib\libctru.a(apt.o)
 .bss.aptParameters
                0x0011afd0     0x1000 D:/devkitPro/libctru/lib\libctru.a(apt.o)
 .bss.aptFlags  0x0011bfd0        0x4 D:/devkitPro/libctru/lib\libctru.a(apt.o)
 .bss.aptHomeButtonState
                0x0011bfd4        0x1 D:/devkitPro/libctru/lib\libctru.a(apt.o)
 *fill*         0x0011bfd5        0x3 
 .bss.aptMessageFuncData
                0x0011bfd8        0x4 D:/devkitPro/libctru/lib\libctru.a(apt.o)
 .bss.aptMessageFunc
                0x0011bfdc        0x4 D:/devkitPro/libctru/lib\libctru.a(apt.o)
 .bss.aptFirstHook
                0x0011bfe0        0xc D:/devkitPro/libctru/lib\libctru.a(apt.o)
 .bss.aptEventHandlerThreadQuit
                0x0011bfec        0x1 D:/devkitPro/libctru/lib\libctru.a(apt.o)
 *fill*         0x0011bfed        0x3 
 .bss.aptEventHandlerThread
                0x0011bff0        0x4 D:/devkitPro/libctru/lib\libctru.a(apt.o)
 .bss.aptSleepEvent
                0x0011bff4        0x8 D:/devkitPro/libctru/lib\libctru.a(apt.o)
 .bss.aptReceiveEvent
                0x0011bffc        0x8 D:/devkitPro/libctru/lib\libctru.a(apt.o)
 .bss.aptEvents
                0x0011c004        0x8 D:/devkitPro/libctru/lib\libctru.a(apt.o)
 .bss.aptLockHandle
                0x0011c00c        0x4 D:/devkitPro/libctru/lib\libctru.a(apt.o)
 .bss.aptRefCount
                0x0011c010        0x4 D:/devkitPro/libctru/lib\libctru.a(apt.o)
 .bss.gspEventCbOneShot
                0x0011c014        0x7 D:/devkitPro/libctru/lib\libctru.a(gspgpu.o)
 *fill*         0x0011c01b        0x1 
 .bss.gspEventCbData
                0x0011c01c       0x1c D:/devkitPro/libctru/lib\libctru.a(gspgpu.o)
 .bss.gspEventCb
                0x0011c038       0x1c D:/devkitPro/libctru/lib\libctru.a(gspgpu.o)
 .bss.gspEvents
                0x0011c054       0x38 D:/devkitPro/libctru/lib\libctru.a(gspgpu.o)
 .bss.gspLastEvent
                0x0011c08c        0x4 D:/devkitPro/libctru/lib\libctru.a(gspgpu.o)
 .bss.gspRunEvents
                0x0011c090        0x1 D:/devkitPro/libctru/lib\libctru.a(gspgpu.o)
 *fill*         0x0011c091        0x3 
 .bss.gspEventThread
                0x0011c094        0x4 D:/devkitPro/libctru/lib\libctru.a(gspgpu.o)
 .bss.gspEvent  0x0011c098        0x4 D:/devkitPro/libctru/lib\libctru.a(gspgpu.o)
 .bss.gspGpuRight
                0x0011c09c        0x1 D:/devkitPro/libctru/lib\libctru.a(gspgpu.o)
 .bss.gspThreadId
                0x0011c09d        0x1 D:/devkitPro/libctru/lib\libctru.a(gspgpu.o)
 *fill*         0x0011c09e        0x2 
 .bss.gspSharedMem
                0x0011c0a0        0x4 D:/devkitPro/libctru/lib\libctru.a(gspgpu.o)
 .bss.gspSharedMemHandle
                0x0011c0a4        0x4 D:/devkitPro/libctru/lib\libctru.a(gspgpu.o)
 .bss.gspRefCount
                0x0011c0a8        0x4 D:/devkitPro/libctru/lib\libctru.a(gspgpu.o)
 .bss.gspGpuHandle
                0x0011c0ac        0x4 D:/devkitPro/libctru/lib\libctru.a(gspgpu.o)
 .bss.usingIrrst
                0x0011c0b0        0x1 D:/devkitPro/libctru/lib\libctru.a(hid.o)
 *fill*         0x0011c0b1        0x3 
 .bss.hidRefCount
                0x0011c0b4        0x4 D:/devkitPro/libctru/lib\libctru.a(hid.o)
 .bss.gRate     0x0011c0b8        0x6 D:/devkitPro/libctru/lib\libctru.a(hid.o)
 *fill*         0x0011c0be        0x2 
 .bss.aVec      0x0011c0c0        0x6 D:/devkitPro/libctru/lib\libctru.a(hid.o)
 *fill*         0x0011c0c6        0x2 
 .bss.cPos      0x0011c0c8        0x4 D:/devkitPro/libctru/lib\libctru.a(hid.o)
 .bss.tPos      0x0011c0cc        0x4 D:/devkitPro/libctru/lib\libctru.a(hid.o)
 .bss.kRepeat   0x0011c0d0        0x4 D:/devkitPro/libctru/lib\libctru.a(hid.o)
 .bss.kUp       0x0011c0d4        0x4 D:/devkitPro/libctru/lib\libctru.a(hid.o)
 .bss.kDown     0x0011c0d8        0x4 D:/devkitPro/libctru/lib\libctru.a(hid.o)
 .bss.kHeld     0x0011c0dc        0x4 D:/devkitPro/libctru/lib\libctru.a(hid.o)
 .bss.kOld      0x0011c0e0        0x4 D:/devkitPro/libctru/lib\libctru.a(hid.o)
 .bss.hidSharedMem
                0x0011c0e4        0x4 D:/devkitPro/libctru/lib\libctru.a(hid.o)
                0x0011c0e4                hidSharedMem
 .bss.hidEvents
                0x0011c0e8       0x14 D:/devkitPro/libctru/lib\libctru.a(hid.o)
                0x0011c0e8                hidEvents
 .bss.hidMemHandle
                0x0011c0fc        0x4 D:/devkitPro/libctru/lib\libctru.a(hid.o)
                0x0011c0fc                hidMemHandle
 .bss.hidHandle
                0x0011c100        0x4 D:/devkitPro/libctru/lib\libctru.a(hid.o)
                0x0011c100                hidHandle
 .bss.irrstRefCount
                0x0011c104        0x4 D:/devkitPro/libctru/lib\libctru.a(irrst.o)
 .bss.csPos     0x0011c108        0x4 D:/devkitPro/libctru/lib\libctru.a(irrst.o)
 .bss.kHeld     0x0011c10c        0x4 D:/devkitPro/libctru/lib\libctru.a(irrst.o)
 .bss.irrstSharedMem
                0x0011c110        0x4 D:/devkitPro/libctru/lib\libctru.a(irrst.o)
                0x0011c110                irrstSharedMem
 .bss.irrstEvent
                0x0011c114        0x4 D:/devkitPro/libctru/lib\libctru.a(irrst.o)
                0x0011c114                irrstEvent
 .bss.irrstMemHandle
                0x0011c118        0x4 D:/devkitPro/libctru/lib\libctru.a(irrst.o)
                0x0011c118                irrstMemHandle
 .bss.irrstHandle
                0x0011c11c        0x4 D:/devkitPro/libctru/lib\libctru.a(irrst.o)
                0x0011c11c                irrstHandle
 .bss.__system_retAddr
                0x0011c120        0x4 D:/devkitPro/libctru/lib\libctru.a(ctru_init.o)
                0x0011c120                __system_retAddr
 .bss.__system_argv
                0x0011c124        0x4 D:/devkitPro/libctru/lib\libctru.a(initArgv.o)
                0x0011c124                __system_argv
 .bss.__system_argc
                0x0011c128        0x4 D:/devkitPro/libctru/lib\libctru.a(initArgv.o)
                0x0011c128                __system_argc
 .bss.saved_stack.42
                0x0011c12c        0x8 D:/devkitPro/libctru/lib\libctru.a(stack_adjust.o)
 *fill*         0x0011c134        0x4 
 .bss._ZL11sLinearPool
                0x0011c138        0x8 D:/devkitPro/libctru/lib\libctru.a(linear.o)
 .bss._ZL8sAddrMap
                0x0011c140        0xc D:/devkitPro/libctru/lib\libctru.a(linear.o)
 *fill*         0x0011c14c        0x4 
 .bss._ZL10sVramPoolB
                0x0011c150        0x8 D:/devkitPro/libctru/lib\libctru.a(vram.o)
 .bss._ZL10sVramPoolA
                0x0011c158        0x8 D:/devkitPro/libctru/lib\libctru.a(vram.o)
 .bss._ZL8sAddrMap
                0x0011c160        0xc D:/devkitPro/libctru/lib\libctru.a(vram.o)
 .bss.__3dslink_host
                0x0011c16c        0x4 D:/devkitPro/libctru/lib\libctru.a(3dslink.o)
                0x0011c16c                __3dslink_host
 .bss.__ctru_speedup
                0x0011c170        0x1 D:/devkitPro/libctru/lib\libctru.a(os.o)
                0x0011c170                __ctru_speedup
 *fill*         0x0011c171        0x3 
 .bss.srvRefCount
                0x0011c174        0x4 D:/devkitPro/libctru/lib\libctru.a(srv.o)
 .bss.srvHandle
                0x0011c178        0x4 D:/devkitPro/libctru/lib\libctru.a(srv.o)
 .bss.arbiter   0x0011c17c        0x4 D:/devkitPro/libctru/lib\libctru.a(synchronization.o)
 .bss.currentAddr
                0x0011c180        0x4 D:/devkitPro/libctru/lib\libctru.a(mappable.o)
 .bss.maxAddr   0x0011c184        0x4 D:/devkitPro/libctru/lib\libctru.a(mappable.o)
 .bss.minAddr   0x0011c188        0x4 D:/devkitPro/libctru/lib\libctru.a(mappable.o)
 .bss.ptmSysmRefCount
                0x0011c18c        0x4 D:/devkitPro/libctru/lib\libctru.a(ptmsysm.o)
 .bss.ptmSysmHandle
                0x0011c190        0x4 D:/devkitPro/libctru/lib\libctru.a(ptmsysm.o)
 .bss.srvPmHandle
                0x0011c194        0x4 D:/devkitPro/libctru/lib\libctru.a(srvpm.o)
 .bss.__ctru_linear_heap_size
                0x0011c198        0x4 D:/devkitPro/libctru/lib\libctru.a(allocateHeaps.o)
                0x0011c198                __ctru_linear_heap_size
 .bss.__ctru_heap_size
                0x0011c19c        0x4 D:/devkitPro/libctru/lib\libctru.a(allocateHeaps.o)
                0x0011c19c                __ctru_heap_size
 .bss.__ctru_linear_heap
                0x0011c1a0        0x4 D:/devkitPro/libctru/lib\libctru.a(allocateHeaps.o)
                0x0011c1a0                __ctru_linear_heap
 .bss.__ctru_heap
                0x0011c1a4        0x4 D:/devkitPro/libctru/lib\libctru.a(allocateHeaps.o)
                0x0011c1a4                __ctru_heap
 .bss.archive_devices
                0x0011c1a8      0x5c0 D:/devkitPro/libctru/lib\libctru.a(archive_dev.o)
 .bss.archive_device_cwd
                0x0011c768        0x4 D:/devkitPro/libctru/lib\libctru.a(archive_dev.o)
 .bss.archive_initialized
                0x0011c76c        0x1 D:/devkitPro/libctru/lib\libctru.a(archive_dev.o)
 *fill*         0x0011c76d        0x3 
 .bss.fsExemptArchives
                0x0011c770       0x80 D:/devkitPro/libctru/lib\libctru.a(fs.o)
 .bss.fsuRefCount
                0x0011c7f0        0x4 D:/devkitPro/libctru/lib\libctru.a(fs.o)
 .bss.fsuHandle
                0x0011c7f4        0x4 D:/devkitPro/libctru/lib\libctru.a(fs.o)
 .bss.__sfp_recursive_mutex
                0x0011c7f8        0xc D:/devkitPro/devkitARM/bin/../lib/gcc/arm-none-eabi/14.2.0/../../../../arm-none-eabi/lib/armv6k/fpu\libg.a(libc_a-findfp.o)
 *fill*         0x0011c804        0x4 
 .bss.__sf      0x0011c808      0x168 D:/devkitPro/devkitARM/bin/../lib/gcc/arm-none-eabi/14.2.0/../../../../arm-none-eabi/lib/armv6k/fpu\libg.a(libc_a-findfp.o)
                0x0011c808                __sf
 .bss.__stdio_exit_handler
                0x0011c970        0x4 D:/devkitPro/devkitARM/bin/../lib/gcc/arm-none-eabi/14.2.0/../../../../arm-none-eabi/lib/armv6k/fpu\libg.a(libc_a-findfp.o)
                0x0011c970                __stdio_exit_handler
 .bss.__malloc_current_mallinfo
                0x0011c974       0x28 D:/devkitPro/devkitARM/bin/../lib/gcc/arm-none-eabi/14.2.0/../../../../arm-none-eabi/lib/armv6k/fpu\libg.a(libc_a-mallocr.o)
                0x0011c974                __malloc_current_mallinfo
 .bss.__malloc_max_total_mem